Archive member included to satisfy reference by file (symbol)

/home/arduino/ArduinoApps/EsparregsBCN/.cache/sketch/core/core.a(String.cpp.o)
                              /home/arduino/ArduinoApps/EsparregsBCN/.cache/sketch/sketch/sketch.ino.cpp.o (arduino::String::String(arduino::String&&))
/home/arduino/ArduinoApps/EsparregsBCN/.cache/sketch/core/core.a(itoa.cpp.o)
                              /home/arduino/ArduinoApps/EsparregsBCN/.cache/sketch/core/core.a(String.cpp.o) (dtostrf)
/home/arduino/ArduinoApps/EsparregsBCN/.cache/sketch/core/core.a(llext_wrappers.c.o)
                              /home/arduino/ArduinoApps/EsparregsBCN/.cache/sketch/sketch/sketch.ino.cpp.o (memcpy)
/home/arduino/ArduinoApps/EsparregsBCN/.cache/sketch/core/core.a(main.cpp.o)
                              (main)
/home/arduino/ArduinoApps/EsparregsBCN/.cache/sketch/core/core.a(new.cpp.o)
                              /home/arduino/ArduinoApps/EsparregsBCN/.cache/sketch/sketch/sketch.ino.cpp.o (operator new(unsigned int))
/home/arduino/ArduinoApps/EsparregsBCN/.cache/sketch/core/core.a(threads.cpp.o)
                              /home/arduino/ArduinoApps/EsparregsBCN/.cache/sketch/core/core.a(main.cpp.o) (start_static_threads())
/home/arduino/ArduinoApps/EsparregsBCN/.cache/sketch/core/core.a(zephyrSerial.cpp.o)
                              /home/arduino/ArduinoApps/EsparregsBCN/.cache/sketch/libraries/Arduino_RouterBridge/singletons.cpp.o (Serial2)
/home/arduino/ArduinoApps/EsparregsBCN/.cache/sketch/core/core.a(zephyrCommon.cpp.o)
                              /home/arduino/ArduinoApps/EsparregsBCN/.cache/sketch/core/core.a(zephyrSerial.cpp.o) (yield)
/home/arduino/ArduinoApps/EsparregsBCN/.cache/sketch/core/core.a(Common.cpp.o)
                              /home/arduino/ArduinoApps/EsparregsBCN/.cache/sketch/core/core.a(zephyrCommon.cpp.o) (map(long, long, long, long, long))
/home/arduino/.arduino15/packages/zephyr/tools/arm-zephyr-eabi/0.16.8/bin/../lib/gcc/arm-zephyr-eabi/12.2.0/../../../../arm-zephyr-eabi/lib/thumb/v8-m.main+fp/hard/libstdc++_nano.a(functexcept.o)
                              /home/arduino/ArduinoApps/EsparregsBCN/.cache/sketch/sketch/sketch.ino.cpp.o (std::__throw_bad_alloc())

Discarded input sections

 .group         0x0000000000000000       0x2c /home/arduino/ArduinoApps/EsparregsBCN/.cache/sketch/sketch/sketch.ino.cpp.o
 .group         0x0000000000000000        0x8 /home/arduino/ArduinoApps/EsparregsBCN/.cache/sketch/sketch/sketch.ino.cpp.o
 .group         0x0000000000000000        0x8 /home/arduino/ArduinoApps/EsparregsBCN/.cache/sketch/sketch/sketch.ino.cpp.o
 .group         0x0000000000000000        0x8 /home/arduino/ArduinoApps/EsparregsBCN/.cache/sketch/sketch/sketch.ino.cpp.o
 .group         0x0000000000000000        0xc /home/arduino/ArduinoApps/EsparregsBCN/.cache/sketch/sketch/sketch.ino.cpp.o
 .group         0x0000000000000000        0xc /home/arduino/ArduinoApps/EsparregsBCN/.cache/sketch/sketch/sketch.ino.cpp.o
 .group         0x0000000000000000        0x8 /home/arduino/ArduinoApps/EsparregsBCN/.cache/sketch/sketch/sketch.ino.cpp.o
 .group         0x0000000000000000        0xc /home/arduino/ArduinoApps/EsparregsBCN/.cache/sketch/sketch/sketch.ino.cpp.o
 .group         0x0000000000000000        0xc /home/arduino/ArduinoApps/EsparregsBCN/.cache/sketch/sketch/sketch.ino.cpp.o
 .group         0x0000000000000000        0xc /home/arduino/ArduinoApps/EsparregsBCN/.cache/sketch/sketch/sketch.ino.cpp.o
 .group         0x0000000000000000        0xc /home/arduino/ArduinoApps/EsparregsBCN/.cache/sketch/sketch/sketch.ino.cpp.o
 .group         0x0000000000000000        0xc /home/arduino/ArduinoApps/EsparregsBCN/.cache/sketch/sketch/sketch.ino.cpp.o
 .group         0x0000000000000000        0xc /home/arduino/ArduinoApps/EsparregsBCN/.cache/sketch/sketch/sketch.ino.cpp.o
 .group         0x0000000000000000        0xc /home/arduino/ArduinoApps/EsparregsBCN/.cache/sketch/sketch/sketch.ino.cpp.o
 .group         0x0000000000000000        0xc /home/arduino/ArduinoApps/EsparregsBCN/.cache/sketch/sketch/sketch.ino.cpp.o
 .group         0x0000000000000000        0xc /home/arduino/ArduinoApps/EsparregsBCN/.cache/sketch/sketch/sketch.ino.cpp.o
 .group         0x0000000000000000        0xc /home/arduino/ArduinoApps/EsparregsBCN/.cache/sketch/sketch/sketch.ino.cpp.o
 .group         0x0000000000000000        0xc /home/arduino/ArduinoApps/EsparregsBCN/.cache/sketch/sketch/sketch.ino.cpp.o
 .group         0x0000000000000000        0xc /home/arduino/ArduinoApps/EsparregsBCN/.cache/sketch/sketch/sketch.ino.cpp.o
 .group         0x0000000000000000        0xc /home/arduino/ArduinoApps/EsparregsBCN/.cache/sketch/sketch/sketch.ino.cpp.o
 .group         0x0000000000000000        0xc /home/arduino/ArduinoApps/EsparregsBCN/.cache/sketch/sketch/sketch.ino.cpp.o
 .group         0x0000000000000000        0x8 /home/arduino/ArduinoApps/EsparregsBCN/.cache/sketch/sketch/sketch.ino.cpp.o
[...]
Memory Configuration

Name             Origin             Length             Attributes
*default*        0x0000000000000000 0xffffffffffffffff

Linker script and memory map

LOAD /home/arduino/.arduino15/packages/zephyr/tools/arm-zephyr-eabi/0.16.8/bin/../lib/gcc/arm-zephyr-eabi/12.2.0/../../../../arm-zephyr-eabi/lib/thumb/v8-m.main+fp/hard/libstdc++_nano.a
LOAD /home/arduino/.arduino15/packages/zephyr/tools/arm-zephyr-eabi/0.16.8/bin/../lib/gcc/arm-zephyr-eabi/12.2.0/../../../../arm-zephyr-eabi/lib/thumb/v8-m.main+fp/hard/libsupc++_nano.a
LOAD /home/arduino/.arduino15/packages/zephyr/tools/arm-zephyr-eabi/0.16.8/bin/../lib/gcc/arm-zephyr-eabi/12.2.0/../../../../arm-zephyr-eabi/lib/thumb/v8-m.main+fp/hard/libnosys.a
LOAD /home/arduino/ArduinoApps/EsparregsBCN/.cache/sketch/sketch/sketch.ino.cpp.o
LOAD /home/arduino/ArduinoApps/EsparregsBCN/.cache/sketch/libraries/Arduino_RouterBridge/singletons.cpp.o
LOAD /home/arduino/ArduinoApps/EsparregsBCN/.cache/sketch/core/analogReference.cpp.o
START GROUP
LOAD /home/arduino/ArduinoApps/EsparregsBCN/.cache/sketch/core/core.a
LOAD /home/arduino/.arduino15/packages/zephyr/tools/arm-zephyr-eabi/0.16.8/bin/../lib/gcc/arm-zephyr-eabi/12.2.0/../../../../arm-zephyr-eabi/lib/thumb/v8-m.main+fp/hard/libstdc++_nano.a
LOAD /home/arduino/.arduino15/packages/zephyr/tools/arm-zephyr-eabi/0.16.8/bin/../lib/gcc/arm-zephyr-eabi/12.2.0/../../../../arm-zephyr-eabi/lib/thumb/v8-m.main+fp/hard/libsupc++_nano.a
LOAD /home/arduino/.arduino15/packages/zephyr/tools/arm-zephyr-eabi/0.16.8/bin/../lib/gcc/arm-zephyr-eabi/12.2.0/../../../../arm-zephyr-eabi/lib/thumb/v8-m.main+fp/hard/libm_nano.a
END GROUP

/DISCARD/
 *(.ARM.attributes)
 *(.ARM.attributes.*)
 *(.ARM.exidx)
 *(.ARM.exidx.*)
 *(.ARM.extidx)
 *(.ARM.extidx.*)
 *(.ARM.extab)
 *(.ARM.extab.*)
 *(.comment)
 *(.comment.*)
 *(.llvmbc)
 *(.llvmcmd)
 *(.eh_frame)
 *stdexcept.o()
 *eh_*.o()
 *cow-stdexcept.o()
 *cow-string-inst.o()

.text           0x0000000000000000     0x4590
 *(.text)
 *(.stub)
 *(.text*)
 .text.__tcf_0  0x0000000000000000       0x10 /home/arduino/ArduinoApps/EsparregsBCN/.cache/sketch/sketch/sketch.ino.cpp.o
 .text._ZSt14__relocate_a_1IhhENSt9enable_ifIXsrSt24__is_bitwise_relocatableIT_vE5valueEPS2_E4typeES4_S4_S4_RSaIT0_E.isra.0
                0x0000000000000010       0x20 /home/arduino/ArduinoApps/EsparregsBCN/.cache/sketch/sketch/sketch.ino.cpp.o
 .text._ZNSt12_Vector_baseIhSaIhEE11_M_allocateEj.isra.0
                0x0000000000000030       0x20 /home/arduino/ArduinoApps/EsparregsBCN/.cache/sketch/sketch/sketch.ino.cpp.o
 .text.k_mutex_unlock.isra.0
                0x0000000000000050        0x8 /home/arduino/ArduinoApps/EsparregsBCN/.cache/sketch/sketch/sketch.ino.cpp.o
 .text._ZN7arduino7msgpack8Unpacker11deserializeEv
                0x0000000000000058       0x16 /home/arduino/ArduinoApps/EsparregsBCN/.cache/sketch/sketch/sketch.ino.cpp.o
                0x0000000000000058                arduino::msgpack::Unpacker::deserialize()
 .text._ZN7arduino7msgpack8Unpacker5clearEv
                0x000000000000006e       0x14 /home/arduino/ArduinoApps/EsparregsBCN/.cache/sketch/sketch/sketch.ino.cpp.o
                0x000000000000006e                arduino::msgpack::Unpacker::clear()
 .text._ZNK7arduino7msgpack8Unpacker13getRawBytePtrEjj
                0x0000000000000082       0x1e /home/arduino/ArduinoApps/EsparregsBCN/.cache/sketch/sketch/sketch.ino.cpp.o
                0x0000000000000082                arduino::msgpack::Unpacker::getRawBytePtr(unsigned int, unsigned int) const
 .text._ZN18Arduino_LED_Matrix9loadFrameEPKj
                0x00000000000000a0       0x5c /home/arduino/ArduinoApps/EsparregsBCN/.cache/sketch/sketch/sketch.ino.cpp.o
                0x00000000000000a0                Arduino_LED_Matrix::loadFrame(unsigned int const*)
 .text.setup    0x00000000000000fc        0x8 /home/arduino/ArduinoApps/EsparregsBCN/.cache/sketch/sketch/sketch.ino.cpp.o
                0x00000000000000fc                setup
 .text.loop     0x0000000000000104       0x44 /home/arduino/ArduinoApps/EsparregsBCN/.cache/sketch/sketch/sketch.ino.cpp.o
                0x0000000000000104                loop
 .text._ZNSt12_Vector_baseIhSaIhEED2Ev
                0x0000000000000148       0x18 /home/arduino/ArduinoApps/EsparregsBCN/.cache/sketch/sketch/sketch.ino.cpp.o
                0x0000000000000148                std::_Vector_base<unsigned char, std::allocator<unsigned char> >::~_Vector_base()
                0x0000000000000148                std::_Vector_base<unsigned char, std::allocator<unsigned char> >::~_Vector_base()
 .text.__tcf_2  0x0000000000000160       0x14 /home/arduino/ArduinoApps/EsparregsBCN/.cache/sketch/sketch/sketch.ino.cpp.o
 .text.__tcf_1  0x0000000000000174       0x14 /home/arduino/ArduinoApps/EsparregsBCN/.cache/sketch/sketch/sketch.ino.cpp.o
 .text._ZNSt6vectorIhSaIhEE14_M_move_assignEOS1_St17integral_constantIbLb1EE.isra.0
                0x0000000000000188       0x34 /home/arduino/ArduinoApps/EsparregsBCN/.cache/sketch/sketch/sketch.ino.cpp.o
 .text._ZNK7arduino7msgpack8Unpacker11getRawBytesIhEET_jj
                0x00000000000001bc       0x1e /home/arduino/ArduinoApps/EsparregsBCN/.cache/sketch/sketch/sketch.ino.cpp.o
                0x00000000000001bc                unsigned char arduino::msgpack::Unpacker::getRawBytes<unsigned char>(unsigned int, unsigned int) const
 *fill*         0x00000000000001da        0x2 
 .text._ZNK7arduino7msgpack8Unpacker7getTypeEj
                0x00000000000001dc       0x58 /home/arduino/ArduinoApps/EsparregsBCN/.cache/sketch/sketch/sketch.ino.cpp.o
                0x00000000000001dc                arduino::msgpack::Unpacker::getType(unsigned int) const
 .text._ZNK7arduino7msgpack8Unpacker7getTypeEv
                0x0000000000000234       0x10 /home/arduino/ArduinoApps/EsparregsBCN/.cache/sketch/sketch/sketch.ino.cpp.o
                0x0000000000000234                arduino::msgpack::Unpacker::getType() const
 .text._ZNK7arduino7msgpack8Unpacker7isArrayEv
                0x0000000000000244       0x20 /home/arduino/ArduinoApps/EsparregsBCN/.cache/sketch/sketch/sketch.ino.cpp.o
                0x0000000000000244                arduino::msgpack::Unpacker::isArray() const
 .text._ZN7arduino7msgpack8Unpacker11unpackInt32Ev
                0x0000000000000264       0x58 /home/arduino/ArduinoApps/EsparregsBCN/.cache/sketch/sketch/sketch.ino.cpp.o
                0x0000000000000264                arduino::msgpack::Unpacker::unpackInt32()
 .text._ZN7arduino7msgpack8Unpacker11unpackInt64Ev
                0x00000000000002bc       0x60 /home/arduino/ArduinoApps/EsparregsBCN/.cache/sketch/sketch/sketch.ino.cpp.o
                0x00000000000002bc                arduino::msgpack::Unpacker::unpackInt64()
 .text._ZNK7arduino7msgpack8Unpacker5isMapEv
                0x000000000000031c       0x20 /home/arduino/ArduinoApps/EsparregsBCN/.cache/sketch/sketch/sketch.ino.cpp.o
                0x000000000000031c                arduino::msgpack::Unpacker::isMap() const
 .text._ZNK7arduino7msgpack8Unpacker5isIntEv
                0x000000000000033c       0x20 /home/arduino/ArduinoApps/EsparregsBCN/.cache/sketch/sketch/sketch.ino.cpp.o
                0x000000000000033c                arduino::msgpack::Unpacker::isInt() const
 .text._ZNK7arduino7msgpack8Unpacker6isUIntEv
                0x000000000000035c       0x20 /home/arduino/ArduinoApps/EsparregsBCN/.cache/sketch/sketch/sketch.ino.cpp.o
                0x000000000000035c                arduino::msgpack::Unpacker::isUInt() const
 .text._ZN7arduino7msgpack8Unpacker11unpackInt16Ev
                0x000000000000037c       0x4c /home/arduino/ArduinoApps/EsparregsBCN/.cache/sketch/sketch/sketch.ino.cpp.o
                0x000000000000037c                arduino::msgpack::Unpacker::unpackInt16()
 .text._ZN7arduino7msgpack8Unpacker13unpackFloat32Ev
                0x00000000000003c8       0x60 /home/arduino/ArduinoApps/EsparregsBCN/.cache/sketch/sketch/sketch.ino.cpp.o
                0x00000000000003c8                arduino::msgpack::Unpacker::unpackFloat32()
 .text._ZN7arduino7msgpack8Unpacker13unpackFloat64Ev
                0x0000000000000428       0x6c /home/arduino/ArduinoApps/EsparregsBCN/.cache/sketch/sketch/sketch.ino.cpp.o
                0x0000000000000428                arduino::msgpack::Unpacker::unpackFloat64()
 .text._ZN7arduino7msgpack8Unpacker10unpackInt5Ev
                0x0000000000000494       0x4c /home/arduino/ArduinoApps/EsparregsBCN/.cache/sketch/sketch/sketch.ino.cpp.o
                0x0000000000000494                arduino::msgpack::Unpacker::unpackInt5()
 .text._ZN7arduino7msgpack8Unpacker11unpackUInt7Ev
                0x00000000000004e0       0x48 /home/arduino/ArduinoApps/EsparregsBCN/.cache/sketch/sketch/sketch.ino.cpp.o
                0x00000000000004e0                arduino::msgpack::Unpacker::unpackUInt7()
 .text._ZN7arduino7msgpack8Unpacker11unpackUInt8Ev
                0x0000000000000528       0x48 /home/arduino/ArduinoApps/EsparregsBCN/.cache/sketch/sketch/sketch.ino.cpp.o
                0x0000000000000528                arduino::msgpack::Unpacker::unpackUInt8()
 .text._ZNK7arduino7msgpack8Unpacker11getRawBytesItEET_jj
                0x0000000000000570       0x26 /home/arduino/ArduinoApps/EsparregsBCN/.cache/sketch/sketch/sketch.ino.cpp.o
                0x0000000000000570                unsigned short arduino::msgpack::Unpacker::getRawBytes<unsigned short>(unsigned int, unsigned int) const
 *fill*         0x0000000000000596        0x2 
 .text._ZN7arduino7msgpack8Unpacker12unpackUInt16Ev
                0x0000000000000598       0x48 /home/arduino/ArduinoApps/EsparregsBCN/.cache/sketch/sketch/sketch.ino.cpp.o
                0x0000000000000598                arduino::msgpack::Unpacker::unpackUInt16()
 .text._ZNK7arduino7msgpack8Unpacker11getRawBytesIjEET_jj
                0x00000000000005e0       0x34 /home/arduino/ArduinoApps/EsparregsBCN/.cache/sketch/sketch/sketch.ino.cpp.o
                0x00000000000005e0                unsigned int arduino::msgpack::Unpacker::getRawBytes<unsigned int>(unsigned int, unsigned int) const
 .text._ZNK7arduino7msgpack8Unpacker14getElementSizeEj
                0x0000000000000614      0x11c /home/arduino/ArduinoApps/EsparregsBCN/.cache/sketch/sketch/sketch.ino.cpp.o
                0x0000000000000614                arduino::msgpack::Unpacker::getElementSize(unsigned int) const
 .text._ZN7arduino7msgpack8Unpacker15unpackArraySizeEv
                0x0000000000000730       0x78 /home/arduino/ArduinoApps/EsparregsBCN/.cache/sketch/sketch/sketch.ino.cpp.o
                0x0000000000000730                arduino::msgpack::Unpacker::unpackArraySize()
 .text._ZN7arduino7msgpack8Unpacker11deserializeINS0_4type9ArraySizeEJEEEbRT_DpOT0_.isra.0
                0x00000000000007a8       0x40 /home/arduino/ArduinoApps/EsparregsBCN/.cache/sketch/sketch/sketch.ino.cpp.o
 .text._ZN7arduino7msgpack8Unpacker12unpackUInt32Ev
                0x00000000000007e8       0x48 /home/arduino/ArduinoApps/EsparregsBCN/.cache/sketch/sketch/sketch.ino.cpp.o
                0x00000000000007e8                arduino::msgpack::Unpacker::unpackUInt32()
 .text._ZN7arduino7msgpack8Unpacker13unpackMapSizeEv
                0x0000000000000830       0x78 /home/arduino/ArduinoApps/EsparregsBCN/.cache/sketch/sketch/sketch.ino.cpp.o
                0x0000000000000830                arduino::msgpack::Unpacker::unpackMapSize()
 .text._ZNK7arduino7msgpack8Unpacker11getRawBytesIyEET_jj
                0x00000000000008a8       0x3a /home/arduino/ArduinoApps/EsparregsBCN/.cache/sketch/sketch/sketch.ino.cpp.o
                0x00000000000008a8                unsigned long long arduino::msgpack::Unpacker::getRawBytes<unsigned long long>(unsigned int, unsigned int) const
 *fill*         0x00000000000008e2        0x2 
 .text._ZN7arduino7msgpack8Unpacker12unpackUInt64Ev
                0x00000000000008e4       0x4c /home/arduino/ArduinoApps/EsparregsBCN/.cache/sketch/sketch/sketch.ino.cpp.o
                0x00000000000008e4                arduino::msgpack::Unpacker::unpackUInt64()
 .text._ZNK7arduino7msgpack8Unpacker11getRawBytesIaEET_jj
                0x0000000000000930       0x1e /home/arduino/ArduinoApps/EsparregsBCN/.cache/sketch/sketch/sketch.ino.cpp.o
                0x0000000000000930                signed char arduino::msgpack::Unpacker::getRawBytes<signed char>(unsigned int, unsigned int) const
 *fill*         0x000000000000094e        0x2 
 .text._ZN7arduino7msgpack8Unpacker10unpackInt8Ev
                0x0000000000000950       0x48 /home/arduino/ArduinoApps/EsparregsBCN/.cache/sketch/sketch/sketch.ino.cpp.o
                0x0000000000000950                arduino::msgpack::Unpacker::unpackInt8()
 .text._ZNK7arduino7msgpack8Unpacker13isTimestamp32Ev
                0x0000000000000998       0x2c /home/arduino/ArduinoApps/EsparregsBCN/.cache/sketch/sketch/sketch.ino.cpp.o
                0x0000000000000998                arduino::msgpack::Unpacker::isTimestamp32() const
 .text._ZNK7arduino7msgpack8Unpacker13isTimestamp64Ev
                0x00000000000009c4       0x2c /home/arduino/ArduinoApps/EsparregsBCN/.cache/sketch/sketch/sketch.ino.cpp.o
                0x00000000000009c4                arduino::msgpack::Unpacker::isTimestamp64() const
 .text._ZNK7arduino7msgpack8Unpacker13isTimestamp96Ev
                0x00000000000009f0       0x40 /home/arduino/ArduinoApps/EsparregsBCN/.cache/sketch/sketch/sketch.ino.cpp.o
                0x00000000000009f0                arduino::msgpack::Unpacker::isTimestamp96() const
 .text._ZNK7arduino7msgpack8Unpacker11getRawBytesIcEET_jj
                0x0000000000000a30       0x1e /home/arduino/ArduinoApps/EsparregsBCN/.cache/sketch/sketch/sketch.ino.cpp.o
                0x0000000000000a30                char arduino::msgpack::Unpacker::getRawBytes<char>(unsigned int, unsigned int) const
 *fill*         0x0000000000000a4e        0x2 
 .text._ZN7arduino7msgpack8Unpacker11deserializeINS_6StringEJEEEbRT_DpOT0_
                0x0000000000000a50      0x174 /home/arduino/ArduinoApps/EsparregsBCN/.cache/sketch/sketch/sketch.ino.cpp.o
                0x0000000000000a50                bool arduino::msgpack::Unpacker::deserialize<arduino::String>(arduino::String&)
 .text._ZN7arduino7msgpack8Unpacker11deserializeINS0_6object8timespecEJEEEbRT_DpOT0_
                0x0000000000000bc4       0xc4 /home/arduino/ArduinoApps/EsparregsBCN/.cache/sketch/sketch/sketch.ino.cpp.o
                0x0000000000000bc4                bool arduino::msgpack::Unpacker::deserialize<arduino::msgpack::object::timespec>(arduino::msgpack::object::timespec&)
 .text._ZNSt12_Vector_baseIjSaIjEED2Ev
                0x0000000000000c88       0x18 /home/arduino/ArduinoApps/EsparregsBCN/.cache/sketch/sketch/sketch.ino.cpp.o
                0x0000000000000c88                std::_Vector_base<unsigned int, std::allocator<unsigned int> >::~_Vector_base()
                0x0000000000000c88                std::_Vector_base<unsigned int, std::allocator<unsigned int> >::~_Vector_base()
 .text._ZN10RPCRequestILj256EED2Ev
                0x0000000000000ca0       0x2c /home/arduino/ArduinoApps/EsparregsBCN/.cache/sketch/sketch/sketch.ino.cpp.o
                0x0000000000000ca0                RPCRequest<256u>::~RPCRequest()
                0x0000000000000ca0                RPCRequest<256u>::~RPCRequest()
 .text._ZNSt6vectorIjSaIjEE17_M_realloc_insertIJRjEEEvN9__gnu_cxx17__normal_iteratorIPjS1_EEDpOT_
                0x0000000000000ccc       0xdc /home/arduino/ArduinoApps/EsparregsBCN/.cache/sketch/sketch/sketch.ino.cpp.o
                0x0000000000000ccc                void std::vector<unsigned int, std::allocator<unsigned int> >::_M_realloc_insert<unsigned int&>(__gnu_cxx::__normal_iterator<unsigned int*, std::vector<unsigned int, std::allocator<unsigned int> > >, unsigned int&)
 .text._ZN7arduino7msgpack8Unpacker4feedEPKhj
                0x0000000000000da8       0x78 /home/arduino/ArduinoApps/EsparregsBCN/.cache/sketch/sketch/sketch.ino.cpp.o
                0x0000000000000da8                arduino::msgpack::Unpacker::feed(unsigned char const*, unsigned int)
 .text._ZNKSt6vectorIhSaIhEE12_M_check_lenEjPKc
                0x0000000000000e20       0x38 /home/arduino/ArduinoApps/EsparregsBCN/.cache/sketch/sketch/sketch.ino.cpp.o
                0x0000000000000e20                std::vector<unsigned char, std::allocator<unsigned char> >::_M_check_len(unsigned int, char const*) const
 .text._ZNSt6vectorIhSaIhEE12emplace_backIJhEEERhDpOT_.isra.0
                0x0000000000000e58       0x90 /home/arduino/ArduinoApps/EsparregsBCN/.cache/sketch/sketch/sketch.ino.cpp.o
 .text._ZN7arduino7msgpack6Packer11packRawByteERKNS0_4TypeE.isra.0
                0x0000000000000ee8       0x18 /home/arduino/ArduinoApps/EsparregsBCN/.cache/sketch/sketch/sketch.ino.cpp.o
 .text._ZNSt6vectorIhSaIhEE12emplace_backIJRKhEEERhDpOT_.isra.0
                0x0000000000000f00       0x90 /home/arduino/ArduinoApps/EsparregsBCN/.cache/sketch/sketch/sketch.ino.cpp.o
 .text._ZN7arduino7msgpack6Packer9packUInt8Eh
                0x0000000000000f90       0x2c /home/arduino/ArduinoApps/EsparregsBCN/.cache/sketch/sketch/sketch.ino.cpp.o
                0x0000000000000f90                arduino::msgpack::Packer::packUInt8(unsigned char)
 .text._ZNSt6vectorIhSaIhEE12emplace_backIJRhEEES3_DpOT_.isra.0
                0x0000000000000fbc       0x90 /home/arduino/ArduinoApps/EsparregsBCN/.cache/sketch/sketch/sketch.ino.cpp.o
 .text._ZN7arduino7msgpack6Packer15packRawReversedIjEEvRKT_
                0x000000000000104c       0x1c /home/arduino/ArduinoApps/EsparregsBCN/.cache/sketch/sketch/sketch.ino.cpp.o
                0x000000000000104c                void arduino::msgpack::Packer::packRawReversed<unsigned int>(unsigned int const&)
 .text._ZN7arduino7msgpack6Packer10packUInt32Ej
                0x0000000000001068       0x28 /home/arduino/ArduinoApps/EsparregsBCN/.cache/sketch/sketch/sketch.ino.cpp.o
                0x0000000000001068                arduino::msgpack::Packer::packUInt32(unsigned int)
 .text._ZN7arduino7msgpack6Packer15packRawReversedItEEvRKT_
                0x0000000000001090       0x1c /home/arduino/ArduinoApps/EsparregsBCN/.cache/sketch/sketch/sketch.ino.cpp.o
                0x0000000000001090                void arduino::msgpack::Packer::packRawReversed<unsigned short>(unsigned short const&)
 .text._ZN7arduino7msgpack6Packer13packArraySizeEj
                0x00000000000010ac       0x58 /home/arduino/ArduinoApps/EsparregsBCN/.cache/sketch/sketch/sketch.ino.cpp.o
                0x00000000000010ac                arduino::msgpack::Packer::packArraySize(unsigned int)
 .text._ZN7arduino7msgpack6Packer10packUInt16Et
                0x0000000000001104       0x2c /home/arduino/ArduinoApps/EsparregsBCN/.cache/sketch/sketch/sketch.ino.cpp.o
                0x0000000000001104                arduino::msgpack::Packer::packUInt16(unsigned short)
 .text._ZN7arduino7msgpack6Packer11packIntegerIiEENSt9enable_ifIXaaaaaasrSt13is_arithmeticIT_E5valuesrSt11is_integralIS5_E5valuentsrSt7is_sameIS5_bE5valuentsrS9_INSt9remove_cvIS5_E4typeEPcE5valueEvE4typeERKS5_.isra.0
                0x0000000000001130       0xb8 /home/arduino/ArduinoApps/EsparregsBCN/.cache/sketch/sketch/sketch.ino.cpp.o
 .text._ZN7arduino7msgpack6Packer12packRawBytesEPKcj
                0x00000000000011e8       0x9c /home/arduino/ArduinoApps/EsparregsBCN/.cache/sketch/sketch/sketch.ino.cpp.o
                0x00000000000011e8                arduino::msgpack::Packer::packRawBytes(char const*, unsigned int)
 .text._ZN7arduino7msgpack8Unpacker9unpackIntIiEENSt9enable_ifIXaaaaaaaasrSt13is_arithmeticIT_E5valuesrSt11is_integralIS5_E5valuentsrSt7is_sameIS5_bE5valuentsrS9_INSt9remove_cvIS5_E4typeEPcE5valuesrSt9is_signedIS5_E5valueES5_E4typeEv
                0x0000000000001284       0xd0 /home/arduino/ArduinoApps/EsparregsBCN/.cache/sketch/sketch/sketch.ino.cpp.o
                0x0000000000001284                std::enable_if<(((std::is_arithmetic<int>::value&&std::is_integral<int>::value)&&(!std::is_same<int, bool>::value))&&(!std::is_same<std::remove_cv<int>::type, char*>::value))&&std::is_signed<int>::value, int>::type arduino::msgpack::Unpacker::unpackInt<int>()
 .text._ZN7arduino7msgpack8Unpacker11deserializeIiJEEEbRT_DpOT0_
                0x0000000000001354       0x40 /home/arduino/ArduinoApps/EsparregsBCN/.cache/sketch/sketch/sketch.ino.cpp.o
                0x0000000000001354                bool arduino::msgpack::Unpacker::deserialize<int>(int&)
 .text._ZN7arduino7msgpack8Unpacker11unpackFloatIfEENSt9enable_ifIXaasrSt13is_arithmeticIT_E5valuesrSt17is_floating_pointIS5_E5valueES5_E4typeEv
                0x0000000000001394      0x118 /home/arduino/ArduinoApps/EsparregsBCN/.cache/sketch/sketch/sketch.ino.cpp.o
                0x0000000000001394                std::enable_if<std::is_arithmetic<float>::value&&std::is_floating_point<float>::value, float>::type arduino::msgpack::Unpacker::unpackFloat<float>()
 *fill*         0x00000000000014ac        0x4 
 .text._ZN7arduino7msgpack8Unpacker11unpackFloatIdEENSt9enable_ifIXaasrSt13is_arithmeticIT_E5valuesrSt17is_floating_pointIS5_E5valueES5_E4typeEv
                0x00000000000014b0      0x118 /home/arduino/ArduinoApps/EsparregsBCN/.cache/sketch/sketch/sketch.ino.cpp.o
                0x00000000000014b0                std::enable_if<std::is_arithmetic<double>::value&&std::is_floating_point<double>::value, double>::type arduino::msgpack::Unpacker::unpackFloat<double>()
 .text._ZN7arduino7msgpack8Unpacker12unpackBinaryIhEENSt9enable_ifIXoosrSt7is_sameIT_cE5valuesrS4_IS5_hE5valueESt6vectorINS3_IXoosrS7_5valuesrS6_5valueES5_E4typeESaIS5_EEE4typeEv
                0x00000000000015c8      0x114 /home/arduino/ArduinoApps/EsparregsBCN/.cache/sketch/sketch/sketch.ino.cpp.o
                0x00000000000015c8                std::enable_if<std::is_same<unsigned char, char>::value||std::is_same<unsigned char, unsigned char>::value, std::vector<std::enable_if<std::is_same<unsigned char, unsigned char>::value||std::is_same<unsigned char, char>::value, unsigned char>::type, std::allocator<unsigned char> > >::type arduino::msgpack::Unpacker::unpackBinary<unsigned char>()
 .text._ZN7arduino7msgpack8Unpacker11deserializeINS0_4type9ArraySizeEJRiEEEbRT_DpOT0_
                0x00000000000016dc       0x44 /home/arduino/ArduinoApps/EsparregsBCN/.cache/sketch/sketch/sketch.ino.cpp.o
                0x00000000000016dc                bool arduino::msgpack::Unpacker::deserialize<arduino::msgpack::type::ArraySize, int&>(arduino::msgpack::type::ArraySize&, int&)
 .text._ZN7arduino7msgpack8Unpacker11deserializeIjJRNS_6StringEEEEbRT_DpOT0_
                0x0000000000001720       0xa0 /home/arduino/ArduinoApps/EsparregsBCN/.cache/sketch/sketch/sketch.ino.cpp.o
                0x0000000000001720                bool arduino::msgpack::Unpacker::deserialize<unsigned int, arduino::String&>(unsigned int&, arduino::String&)
 .text._ZN10RPCRequestILj256EE22unpack_request_headersEv
                0x00000000000017c0       0xb8 /home/arduino/ArduinoApps/EsparregsBCN/.cache/sketch/sketch/sketch.ino.cpp.o
                0x00000000000017c0                RPCRequest<256u>::unpack_request_headers()
 .text._ZN9RPCServer15process_requestILj256EEEvR10RPCRequestIXT_EE
                0x0000000000001878      0x1ec /home/arduino/ArduinoApps/EsparregsBCN/.cache/sketch/sketch/sketch.ino.cpp.o
                0x0000000000001878                void RPCServer::process_request<256u>(RPCRequest<256u>&)
 .text._ZN10RpcDecoderILj1024EE7consumeEjj
                0x0000000000001a64       0x50 /home/arduino/ArduinoApps/EsparregsBCN/.cache/sketch/sketch/sketch.ino.cpp.o
                0x0000000000001a64                RpcDecoder<1024u>::consume(unsigned int, unsigned int)
 .text._ZN10RpcDecoderILj1024EE7discardEv
                0x0000000000001ab4       0x2c /home/arduino/ArduinoApps/EsparregsBCN/.cache/sketch/sketch/sketch.ino.cpp.o
                0x0000000000001ab4                RpcDecoder<1024u>::discard()
 .text._ZN10RpcDecoderILj1024EE16fetch_rpc_methodEv
                0x0000000000001ae0       0xec /home/arduino/ArduinoApps/EsparregsBCN/.cache/sketch/sketch/sketch.ino.cpp.o
                0x0000000000001ae0                RpcDecoder<1024u>::fetch_rpc_method()
 .text._ZNSt11__copy_moveILb0ELb1ESt26random_access_iterator_tagE8__copy_mIhEEPT_PKS3_S6_S4_
                0x0000000000001bcc       0x1c /home/arduino/ArduinoApps/EsparregsBCN/.cache/sketch/sketch/sketch.ino.cpp.o
                0x0000000000001bcc                unsigned char* std::__copy_move<false, true, std::random_access_iterator_tag>::__copy_m<unsigned char>(unsigned char const*, unsigned char const*, unsigned char*)
 .text._ZNSt11__copy_moveILb1ELb1ESt26random_access_iterator_tagE8__copy_mIhEEPT_PKS3_S6_S4_
                0x0000000000001be8       0x1c /home/arduino/ArduinoApps/EsparregsBCN/.cache/sketch/sketch/sketch.ino.cpp.o
                0x0000000000001be8                unsigned char* std::__copy_move<true, true, std::random_access_iterator_tag>::__copy_m<unsigned char>(unsigned char const*, unsigned char const*, unsigned char*)
 .text._ZN7arduino7msgpack6object3extC2EaPKhj
                0x0000000000001c04      0x104 /home/arduino/ArduinoApps/EsparregsBCN/.cache/sketch/sketch/sketch.ino.cpp.o
                0x0000000000001c04                arduino::msgpack::object::ext::ext(signed char, unsigned char const*, unsigned int)
                0x0000000000001c04                arduino::msgpack::object::ext::ext(signed char, unsigned char const*, unsigned int)
 .text._ZN7arduino7msgpack8Unpacker9unpackExtEv
                0x0000000000001d08      0x178 /home/arduino/ArduinoApps/EsparregsBCN/.cache/sketch/sketch/sketch.ino.cpp.o
                0x0000000000001d08                arduino::msgpack::Unpacker::unpackExt()
 .text._ZN8RpcUtils6detail12unpackObjectERN7arduino7msgpack8UnpackerE
                0x0000000000001e80      0x318 /home/arduino/ArduinoApps/EsparregsBCN/.cache/sketch/sketch/sketch.ino.cpp.o
                0x0000000000001e80                RpcUtils::detail::unpackObject(arduino::msgpack::Unpacker&)
 .text._ZN10RpcDecoderILj1024EE12parse_packetEv
                0x0000000000002198      0x138 /home/arduino/ArduinoApps/EsparregsBCN/.cache/sketch/sketch/sketch.ino.cpp.o
                0x0000000000002198                RpcDecoder<1024u>::parse_packet()
 .text._ZN9RPCServer7get_rpcILj256EEEbR10RPCRequestIXT_EEN7arduino6StringE
                0x00000000000022d0       0xf8 /home/arduino/ArduinoApps/EsparregsBCN/.cache/sketch/sketch/sketch.ino.cpp.o
                0x00000000000022d0                bool RPCServer::get_rpc<256u>(RPCRequest<256u>&, arduino::String)
 .text._ZN11BridgeClass11update_safeEv
                0x00000000000023c8      0x110 /home/arduino/ArduinoApps/EsparregsBCN/.cache/sketch/sketch/sketch.ino.cpp.o
                0x00000000000023c8                BridgeClass::update_safe()
 .text._Z10__loopHookv
                0x00000000000024d8       0x44 /home/arduino/ArduinoApps/EsparregsBCN/.cache/sketch/sketch/sketch.ino.cpp.o
                0x00000000000024d8                __loopHook()
 .text._ZN8RpcUtils6detail9unpackMapERN7arduino7msgpack8UnpackerERj
                0x000000000000251c       0x80 /home/arduino/ArduinoApps/EsparregsBCN/.cache/sketch/sketch/sketch.ino.cpp.o
                0x000000000000251c                RpcUtils::detail::unpackMap(arduino::msgpack::Unpacker&, unsigned int&)
 .text._GLOBAL__sub_I_matrix
                0x000000000000259c       0x74 /home/arduino/ArduinoApps/EsparregsBCN/.cache/sketch/sketch/sketch.ino.cpp.o
 .text._GLOBAL__sub_D_matrix
                0x0000000000002610       0x2c /home/arduino/ArduinoApps/EsparregsBCN/.cache/sketch/sketch/sketch.ino.cpp.o
 .text._ZN7arduino5Print17availableForWriteEv
                0x000000000000263c        0x4 /home/arduino/ArduinoApps/EsparregsBCN/.cache/sketch/libraries/Arduino_RouterBridge/singletons.cpp.o
                0x000000000000263c                arduino::Print::availableForWrite()
 .text._ZN7arduino5Print5flushEv
                0x0000000000002640        0x2 /home/arduino/ArduinoApps/EsparregsBCN/.cache/sketch/libraries/Arduino_RouterBridge/singletons.cpp.o
                0x0000000000002640                arduino::Print::flush()
 .text._ZN13BridgeMonitorILj512EE5writeEh
                0x0000000000002642       0x18 /home/arduino/ArduinoApps/EsparregsBCN/.cache/sketch/libraries/Arduino_RouterBridge/singletons.cpp.o
                0x0000000000002642                BridgeMonitor<512u>::write(unsigned char)
 *fill*         0x000000000000265a        0x2 
 .text.k_yield  0x000000000000265c        0x8 /home/arduino/ArduinoApps/EsparregsBCN/.cache/sketch/libraries/Arduino_RouterBridge/singletons.cpp.o
 .text.k_mutex_lock
                0x0000000000002664        0x8 /home/arduino/ArduinoApps/EsparregsBCN/.cache/sketch/libraries/Arduino_RouterBridge/singletons.cpp.o
 .text._ZSt14__relocate_a_1IhhENSt9enable_ifIXsrSt24__is_bitwise_relocatableIT_vE5valueEPS2_E4typeES4_S4_S4_RSaIT0_E.isra.0
                0x000000000000266c       0x20 /home/arduino/ArduinoApps/EsparregsBCN/.cache/sketch/libraries/Arduino_RouterBridge/singletons.cpp.o
 .text._ZNSt12_Vector_baseIhSaIhEE11_M_allocateEj.isra.0
                0x000000000000268c       0x20 /home/arduino/ArduinoApps/EsparregsBCN/.cache/sketch/libraries/Arduino_RouterBridge/singletons.cpp.o
 .text.k_mutex_unlock.isra.0
                0x00000000000026ac        0x8 /home/arduino/ArduinoApps/EsparregsBCN/.cache/sketch/libraries/Arduino_RouterBridge/singletons.cpp.o
 .text._ZN7RpcCallIJRN7arduino6StringEEE7isErrorEv.isra.0
                0x00000000000026b4       0x28 /home/arduino/ArduinoApps/EsparregsBCN/.cache/sketch/libraries/Arduino_RouterBridge/singletons.cpp.o
 .text._ZN13BridgeMonitorILj512EE4readEv
                0x00000000000026dc       0x68 /home/arduino/ArduinoApps/EsparregsBCN/.cache/sketch/libraries/Arduino_RouterBridge/singletons.cpp.o
                0x00000000000026dc                BridgeMonitor<512u>::read()
 .text._ZN13BridgeMonitorILj512EE4peekEv
                0x0000000000002744       0x44 /home/arduino/ArduinoApps/EsparregsBCN/.cache/sketch/libraries/Arduino_RouterBridge/singletons.cpp.o
                0x0000000000002744                BridgeMonitor<512u>::peek()
 .text.k_msleep.constprop.0.isra.0
                0x0000000000002788        0xc /home/arduino/ArduinoApps/EsparregsBCN/.cache/sketch/libraries/Arduino_RouterBridge/singletons.cpp.o
 .text._ZN8RpcErrorC2Ev
                0x0000000000002794       0x2c /home/arduino/ArduinoApps/EsparregsBCN/.cache/sketch/libraries/Arduino_RouterBridge/singletons.cpp.o
                0x0000000000002794                RpcError::RpcError()
                0x0000000000002794                RpcError::RpcError()
 .text._ZN7arduino7msgpack8UnpackerC2Ev
                0x00000000000027c0       0x10 /home/arduino/ArduinoApps/EsparregsBCN/.cache/sketch/libraries/Arduino_RouterBridge/singletons.cpp.o
                0x00000000000027c0                arduino::msgpack::Unpacker::Unpacker()
                0x00000000000027c0                arduino::msgpack::Unpacker::Unpacker()
 .text._ZNSt6vectorIhSaIhEE14_M_move_assignEOS1_St17integral_constantIbLb1EE.isra.0
                0x00000000000027d0       0x34 /home/arduino/ArduinoApps/EsparregsBCN/.cache/sketch/libraries/Arduino_RouterBridge/singletons.cpp.o
 .text._ZN7arduino7msgpack8Unpacker9unpackNilEv
                0x0000000000002804       0x3c /home/arduino/ArduinoApps/EsparregsBCN/.cache/sketch/libraries/Arduino_RouterBridge/singletons.cpp.o
                0x0000000000002804                arduino::msgpack::Unpacker::unpackNil()
 .text._ZN7arduino7msgpack8Unpacker11deserializeINS0_6object5nil_tEJEEEbRT_DpOT0_
                0x0000000000002840       0x40 /home/arduino/ArduinoApps/EsparregsBCN/.cache/sketch/libraries/Arduino_RouterBridge/singletons.cpp.o
                0x0000000000002840                bool arduino::msgpack::Unpacker::deserialize<arduino::msgpack::object::nil_t>(arduino::msgpack::object::nil_t&)
 .text._ZNSt6vectorIhSaIhEE12emplace_backIJRKhEEERhDpOT_.isra.0
                0x0000000000002880       0x90 /home/arduino/ArduinoApps/EsparregsBCN/.cache/sketch/libraries/Arduino_RouterBridge/singletons.cpp.o
 .text._ZNSt6vectorIhSaIhEE12emplace_backIJhEEERhDpOT_.isra.0
                0x0000000000002910       0x90 /home/arduino/ArduinoApps/EsparregsBCN/.cache/sketch/libraries/Arduino_RouterBridge/singletons.cpp.o
 .text._ZN7arduino7msgpack8Unpacker11deserializeISt6vectorIhSaIhEEJEEEbRT_DpOT0_
                0x00000000000029a0      0x13c /home/arduino/ArduinoApps/EsparregsBCN/.cache/sketch/libraries/Arduino_RouterBridge/singletons.cpp.o
                0x00000000000029a0                bool arduino::msgpack::Unpacker::deserialize<std::vector<unsigned char, std::allocator<unsigned char> >>(std::vector<unsigned char, std::allocator<unsigned char> >&)
 .text._ZN7arduino7msgpack6Packer11packRawByteERKNS0_4TypeE.isra.0
                0x0000000000002adc       0x18 /home/arduino/ArduinoApps/EsparregsBCN/.cache/sketch/libraries/Arduino_RouterBridge/singletons.cpp.o
 .text._ZNSt6vectorIhSaIhEE12emplace_backIJRhEEES3_DpOT_.isra.0
                0x0000000000002af4       0x90 /home/arduino/ArduinoApps/EsparregsBCN/.cache/sketch/libraries/Arduino_RouterBridge/singletons.cpp.o
 .text._ZN7arduino7msgpack6Packer11packIntegerIjEENSt9enable_ifIXaaaaaasrSt13is_arithmeticIT_E5valuesrSt11is_integralIS5_E5valuentsrSt7is_sameIS5_bE5valuentsrS9_INSt9remove_cvIS5_E4typeEPcE5valueEvE4typeERKS5_.isra.0
                0x0000000000002b84       0x50 /home/arduino/ArduinoApps/EsparregsBCN/.cache/sketch/libraries/Arduino_RouterBridge/singletons.cpp.o
 .text._ZN7arduino7msgpack6Packer11packIntegerIiEENSt9enable_ifIXaaaaaasrSt13is_arithmeticIT_E5valuesrSt11is_integralIS5_E5valuentsrSt7is_sameIS5_bE5valuentsrS9_INSt9remove_cvIS5_E4typeEPcE5valueEvE4typeERKS5_.isra.0
                0x0000000000002bd4       0xb8 /home/arduino/ArduinoApps/EsparregsBCN/.cache/sketch/libraries/Arduino_RouterBridge/singletons.cpp.o
 .text._ZN7arduino7msgpack6Packer4packERKNS_6StringE
                0x0000000000002c8c       0x7c /home/arduino/ArduinoApps/EsparregsBCN/.cache/sketch/libraries/Arduino_RouterBridge/singletons.cpp.o
                0x0000000000002c8c                arduino::msgpack::Packer::pack(arduino::String const&)
 .text._ZNK10RpcDecoderILj1024EE4sendEPKhj
                0x0000000000002d08       0x22 /home/arduino/ArduinoApps/EsparregsBCN/.cache/sketch/libraries/Arduino_RouterBridge/singletons.cpp.o
                0x0000000000002d08                RpcDecoder<1024u>::send(unsigned char const*, unsigned int) const
 *fill*         0x0000000000002d2a        0x2 
 .text._ZN9RPCClient8send_rpcIJRKN7arduino6StringEEEEbS4_RjDpOT_.isra.0
                0x0000000000002d2c       0x90 /home/arduino/ArduinoApps/EsparregsBCN/.cache/sketch/libraries/Arduino_RouterBridge/singletons.cpp.o
 .text._ZN9RPCClient8send_rpcIJRKjEEEbRKN7arduino6StringERjDpOT_.isra.0
                0x0000000000002dbc       0x94 /home/arduino/ArduinoApps/EsparregsBCN/.cache/sketch/libraries/Arduino_RouterBridge/singletons.cpp.o
 .text._ZN7arduino7msgpack8Unpacker11deserializeI8RpcErrorJRNS0_6object5nil_tEEEEbRT_DpOT0_
                0x0000000000002e50       0x90 /home/arduino/ArduinoApps/EsparregsBCN/.cache/sketch/libraries/Arduino_RouterBridge/singletons.cpp.o
                0x0000000000002e50                bool arduino::msgpack::Unpacker::deserialize<RpcError, arduino::msgpack::object::nil_t&>(RpcError&, arduino::msgpack::object::nil_t&)
 .text._ZN7arduino7msgpack8Unpacker10unpackUIntIjEENSt9enable_ifIXaaaaaaaasrSt13is_arithmeticIT_E5valuesrSt11is_integralIS5_E5valuentsrSt7is_sameIS5_bE5valuentsrS9_INSt9remove_cvIS5_E4typeEPcE5valuentsrSt9is_signedIS5_E5valueES5_E4typeEv
                0x0000000000002ee0       0x80 /home/arduino/ArduinoApps/EsparregsBCN/.cache/sketch/libraries/Arduino_RouterBridge/singletons.cpp.o
                0x0000000000002ee0                std::enable_if<(((std::is_arithmetic<unsigned int>::value&&std::is_integral<unsigned int>::value)&&(!std::is_same<unsigned int, bool>::value))&&(!std::is_same<std::remove_cv<unsigned int>::type, char*>::value))&&(!std::is_signed<unsigned int>::value), unsigned int>::type arduino::msgpack::Unpacker::unpackUInt<unsigned int>()
 .text._ZN7arduino7msgpack8Unpacker11deserializeIjJEEEbRT_DpOT0_
                0x0000000000002f60       0x40 /home/arduino/ArduinoApps/EsparregsBCN/.cache/sketch/libraries/Arduino_RouterBridge/singletons.cpp.o
                0x0000000000002f60                bool arduino::msgpack::Unpacker::deserialize<unsigned int>(unsigned int&)
 .text._ZN7arduino7msgpack8Unpacker11deserializeINS0_4type9ArraySizeEJRiRjEEEbRT_DpOT0_
                0x0000000000002fa0       0x78 /home/arduino/ArduinoApps/EsparregsBCN/.cache/sketch/libraries/Arduino_RouterBridge/singletons.cpp.o
                0x0000000000002fa0                bool arduino::msgpack::Unpacker::deserialize<arduino::msgpack::type::ArraySize, int&, unsigned int&>(arduino::msgpack::type::ArraySize&, int&, unsigned int&)
 .text._ZN10RpcDecoderILj1024EE12get_responseIN7arduino7msgpack6object5nil_tEEEbjRT_R8RpcError
                0x0000000000003018      0x17c /home/arduino/ArduinoApps/EsparregsBCN/.cache/sketch/libraries/Arduino_RouterBridge/singletons.cpp.o
                0x0000000000003018                bool RpcDecoder<1024u>::get_response<arduino::msgpack::object::nil_t>(unsigned int, arduino::msgpack::object::nil_t&, RpcError&)
 .text._ZN10RpcDecoderILj1024EE6decodeEv
                0x0000000000003194       0x40 /home/arduino/ArduinoApps/EsparregsBCN/.cache/sketch/libraries/Arduino_RouterBridge/singletons.cpp.o
                0x0000000000003194                RpcDecoder<1024u>::decode()
 .text._ZN9RPCClient12get_responseIN7arduino7msgpack6object5nil_tEEEbjRT_R8RpcError
                0x00000000000031d4       0x40 /home/arduino/ArduinoApps/EsparregsBCN/.cache/sketch/libraries/Arduino_RouterBridge/singletons.cpp.o
                0x00000000000031d4                bool RPCClient::get_response<arduino::msgpack::object::nil_t>(unsigned int, arduino::msgpack::object::nil_t&, RpcError&)
 .text._ZN11BridgeClass6notifyIJRN7arduino6StringEEEEvS2_DpOT_
                0x0000000000003214       0xac /home/arduino/ArduinoApps/EsparregsBCN/.cache/sketch/libraries/Arduino_RouterBridge/singletons.cpp.o
                0x0000000000003214                void BridgeClass::notify<arduino::String&>(arduino::String, arduino::String&)
 .text._ZN7RpcCallIJRN7arduino6StringEEE8setErrorEiS1_
                0x00000000000032c0       0x40 /home/arduino/ArduinoApps/EsparregsBCN/.cache/sketch/libraries/Arduino_RouterBridge/singletons.cpp.o
                0x00000000000032c0                RpcCall<arduino::String&>::setError(int, arduino::String)
 .text._ZN10RpcDecoderILj1024EE12get_responseIjEEbjRT_R8RpcError
                0x0000000000003300      0x17c /home/arduino/ArduinoApps/EsparregsBCN/.cache/sketch/libraries/Arduino_RouterBridge/singletons.cpp.o
                0x0000000000003300                bool RpcDecoder<1024u>::get_response<unsigned int>(unsigned int, unsigned int&, RpcError&)
 .text._ZN13BridgeMonitorILj512EE5writeEPKhj
                0x000000000000347c      0x2b4 /home/arduino/ArduinoApps/EsparregsBCN/.cache/sketch/libraries/Arduino_RouterBridge/singletons.cpp.o
                0x000000000000347c                BridgeMonitor<512u>::write(unsigned char const*, unsigned int)
 .text._ZN7RpcCallIJRjEE8setErrorEiN7arduino6StringE
                0x0000000000003730       0x40 /home/arduino/ArduinoApps/EsparregsBCN/.cache/sketch/libraries/Arduino_RouterBridge/singletons.cpp.o
                0x0000000000003730                RpcCall<unsigned int&>::setError(int, arduino::String)
 .text._ZN7RpcCallIJRjEE7isErrorEv
                0x0000000000003770       0x34 /home/arduino/ArduinoApps/EsparregsBCN/.cache/sketch/libraries/Arduino_RouterBridge/singletons.cpp.o
                0x0000000000003770                RpcCall<unsigned int&>::isError()
 .text._ZN10RpcDecoderILj1024EE12get_responseISt6vectorIhSaIhEEEEbjRT_R8RpcError
                0x00000000000037a4      0x17c /home/arduino/ArduinoApps/EsparregsBCN/.cache/sketch/libraries/Arduino_RouterBridge/singletons.cpp.o
                0x00000000000037a4                bool RpcDecoder<1024u>::get_response<std::vector<unsigned char, std::allocator<unsigned char> > >(unsigned int, std::vector<unsigned char, std::allocator<unsigned char> >&, RpcError&)
 .text._ZN7RpcCallIJRjEE6resultISt6vectorIhSaIhEEEEbRT_
                0x0000000000003920      0x134 /home/arduino/ArduinoApps/EsparregsBCN/.cache/sketch/libraries/Arduino_RouterBridge/singletons.cpp.o
                0x0000000000003920                bool RpcCall<unsigned int&>::result<std::vector<unsigned char, std::allocator<unsigned char> > >(std::vector<unsigned char, std::allocator<unsigned char> >&)
 .text._ZN13BridgeMonitorILj512EE5_readEj
                0x0000000000003a54      0x1f8 /home/arduino/ArduinoApps/EsparregsBCN/.cache/sketch/libraries/Arduino_RouterBridge/singletons.cpp.o
                0x0000000000003a54                BridgeMonitor<512u>::_read(unsigned int)
 .text._ZN13BridgeMonitorILj512EE9availableEv
                0x0000000000003c4c       0x44 /home/arduino/ArduinoApps/EsparregsBCN/.cache/sketch/libraries/Arduino_RouterBridge/singletons.cpp.o
                0x0000000000003c4c                BridgeMonitor<512u>::available()
 .text._GLOBAL__sub_I_Bridge
                0x0000000000003c90       0xf0 /home/arduino/ArduinoApps/EsparregsBCN/.cache/sketch/libraries/Arduino_RouterBridge/singletons.cpp.o
 .text._GLOBAL__sub_D_Bridge
                0x0000000000003d80       0x2c /home/arduino/ArduinoApps/EsparregsBCN/.cache/sketch/libraries/Arduino_RouterBridge/singletons.cpp.o
 .text._ZN7arduino6StringC2EOS0_
                0x0000000000003dac       0x16 /home/arduino/ArduinoApps/EsparregsBCN/.cache/sketch/core/core.a(String.cpp.o)
                0x0000000000003dac                arduino::String::String(arduino::String&&)
                0x0000000000003dac                arduino::String::String(arduino::String&&)
 *fill*         0x0000000000003dc2        0x2 
 .text._ZN7arduino6StringD2Ev
                0x0000000000003dc4       0x14 /home/arduino/ArduinoApps/EsparregsBCN/.cache/sketch/core/core.a(String.cpp.o)
                0x0000000000003dc4                arduino::String::~String()
                0x0000000000003dc4                arduino::String::~String()
 .text._ZN7arduino6String10invalidateEv
                0x0000000000003dd8       0x1c /home/arduino/ArduinoApps/EsparregsBCN/.cache/sketch/core/core.a(String.cpp.o)
                0x0000000000003dd8                arduino::String::invalidate()
 .text._ZN7arduino6String12changeBufferEj
                0x0000000000003df4       0x1c /home/arduino/ArduinoApps/EsparregsBCN/.cache/sketch/core/core.a(String.cpp.o)
                0x0000000000003df4                arduino::String::changeBuffer(unsigned int)
 .text._ZN7arduino6String7reserveEj
                0x0000000000003e10       0x28 /home/arduino/ArduinoApps/EsparregsBCN/.cache/sketch/core/core.a(String.cpp.o)
                0x0000000000003e10                arduino::String::reserve(unsigned int)
 .text._ZN7arduino6String4copyEPKcj
                0x0000000000003e38       0x3c /home/arduino/ArduinoApps/EsparregsBCN/.cache/sketch/core/core.a(String.cpp.o)
                0x0000000000003e38                arduino::String::copy(char const*, unsigned int)
 .text._ZN7arduino6StringC2EPKc
                0x0000000000003e74       0x2c /home/arduino/ArduinoApps/EsparregsBCN/.cache/sketch/core/core.a(String.cpp.o)
                0x0000000000003e74                arduino::String::String(char const*)
                0x0000000000003e74                arduino::String::String(char const*)
 .text._ZN7arduino6String4moveERS0_
                0x0000000000003ea0       0x2c /home/arduino/ArduinoApps/EsparregsBCN/.cache/sketch/core/core.a(String.cpp.o)
                0x0000000000003ea0                arduino::String::move(arduino::String&)
 .text._ZN7arduino6StringaSERKS0_
                0x0000000000003ecc       0x28 /home/arduino/ArduinoApps/EsparregsBCN/.cache/sketch/core/core.a(String.cpp.o)
                0x0000000000003ecc                arduino::String::operator=(arduino::String const&)
 .text._ZN7arduino6StringC2ERKS0_
                0x0000000000003ef4       0x18 /home/arduino/ArduinoApps/EsparregsBCN/.cache/sketch/core/core.a(String.cpp.o)
                0x0000000000003ef4                arduino::String::String(arduino::String const&)
                0x0000000000003ef4                arduino::String::String(arduino::String const&)
 .text._ZN7arduino6StringaSEOS0_
                0x0000000000003f0c       0x10 /home/arduino/ArduinoApps/EsparregsBCN/.cache/sketch/core/core.a(String.cpp.o)
                0x0000000000003f0c                arduino::String::operator=(arduino::String&&)
 .text._ZN7arduino6StringaSEPKc
                0x0000000000003f1c       0x30 /home/arduino/ArduinoApps/EsparregsBCN/.cache/sketch/core/core.a(String.cpp.o)
                0x0000000000003f1c                arduino::String::operator=(char const*)
 .text._ZN7arduino6String6concatEPKcj
                0x0000000000003f4c       0x40 /home/arduino/ArduinoApps/EsparregsBCN/.cache/sketch/core/core.a(String.cpp.o)
                0x0000000000003f4c                arduino::String::concat(char const*, unsigned int)
 .text._ZN7arduino6String6concatEc
                0x0000000000003f8c       0x1c /home/arduino/ArduinoApps/EsparregsBCN/.cache/sketch/core/core.a(String.cpp.o)
                0x0000000000003f8c                arduino::String::concat(char)
 .text._ZNK7arduino6String9compareToERKS0_
                0x0000000000003fa8       0x30 /home/arduino/ArduinoApps/EsparregsBCN/.cache/sketch/core/core.a(String.cpp.o)
                0x0000000000003fa8                arduino::String::compareTo(arduino::String const&) const
 .text._ZNK7arduino6String6equalsERKS0_
                0x0000000000003fd8       0x20 /home/arduino/ArduinoApps/EsparregsBCN/.cache/sketch/core/core.a(String.cpp.o)
                0x0000000000003fd8                arduino::String::equals(arduino::String const&) const
 .text._ZNK7arduino6String6equalsEPKc
                0x0000000000003ff8       0x28 /home/arduino/ArduinoApps/EsparregsBCN/.cache/sketch/core/core.a(String.cpp.o)
                0x0000000000003ff8                arduino::String::equals(char const*) const
 .text.memcpy   0x0000000000004020        0x8 /home/arduino/ArduinoApps/EsparregsBCN/.cache/sketch/core/core.a(llext_wrappers.c.o)
                0x0000000000004020                memcpy
 .text.memmove  0x0000000000004028        0x8 /home/arduino/ArduinoApps/EsparregsBCN/.cache/sketch/core/core.a(llext_wrappers.c.o)
                0x0000000000004028                memmove
 .text.strlen   0x0000000000004030        0x8 /home/arduino/ArduinoApps/EsparregsBCN/.cache/sketch/core/core.a(llext_wrappers.c.o)
                0x0000000000004030                strlen
 .text.strcmp   0x0000000000004038        0x8 /home/arduino/ArduinoApps/EsparregsBCN/.cache/sketch/core/core.a(llext_wrappers.c.o)
                0x0000000000004038                strcmp
 .text.memset   0x0000000000004040        0x8 /home/arduino/ArduinoApps/EsparregsBCN/.cache/sketch/core/core.a(llext_wrappers.c.o)
                0x0000000000004040                memset
 .text.malloc   0x0000000000004048        0x8 /home/arduino/ArduinoApps/EsparregsBCN/.cache/sketch/core/core.a(llext_wrappers.c.o)
                0x0000000000004048                malloc
 .text.realloc  0x0000000000004050        0x8 /home/arduino/ArduinoApps/EsparregsBCN/.cache/sketch/core/core.a(llext_wrappers.c.o)
                0x0000000000004050                realloc
 .text.free     0x0000000000004058        0x8 /home/arduino/ArduinoApps/EsparregsBCN/.cache/sketch/core/core.a(llext_wrappers.c.o)
                0x0000000000004058                free
 .text.atexit   0x0000000000004060        0x8 /home/arduino/ArduinoApps/EsparregsBCN/.cache/sketch/core/core.a(llext_wrappers.c.o)
                0x0000000000004060                atexit
 .text.abort    0x0000000000004068        0xc /home/arduino/ArduinoApps/EsparregsBCN/.cache/sketch/core/core.a(llext_wrappers.c.o)
                0x0000000000004068                abort
 .text.initVariant
                0x0000000000004074        0x2 /home/arduino/ArduinoApps/EsparregsBCN/.cache/sketch/core/core.a(main.cpp.o)
                0x0000000000004074                initVariant
 *fill*         0x0000000000004076        0x2 
 .text.main     0x0000000000004078       0x2c /home/arduino/ArduinoApps/EsparregsBCN/.cache/sketch/core/core.a(main.cpp.o)
                0x0000000000004078                main
 .text._ZL10new_helperj
                0x00000000000040a4       0x10 /home/arduino/ArduinoApps/EsparregsBCN/.cache/sketch/core/core.a(new.cpp.o)
 .text._Znwj    0x00000000000040b4        0x8 /home/arduino/ArduinoApps/EsparregsBCN/.cache/sketch/core/core.a(new.cpp.o)
                0x00000000000040b4                operator new(unsigned int)
 .text._ZnwjPv  0x00000000000040bc        0x4 /home/arduino/ArduinoApps/EsparregsBCN/.cache/sketch/core/core.a(new.cpp.o)
                0x00000000000040bc                operator new(unsigned int, void*)
 .text._ZdlPvj  0x00000000000040c0        0x8 /home/arduino/ArduinoApps/EsparregsBCN/.cache/sketch/core/core.a(new.cpp.o)
                0x00000000000040c0                operator delete(void*, unsigned int)
 .text._Z20start_static_threadsv
                0x00000000000040c8       0x6c /home/arduino/ArduinoApps/EsparregsBCN/.cache/sketch/core/core.a(threads.cpp.o)
                0x00000000000040c8                start_static_threads()
 .text.z_impl_uart_irq_tx_enable
                0x0000000000004134        0xa /home/arduino/ArduinoApps/EsparregsBCN/.cache/sketch/core/core.a(zephyrSerial.cpp.o)
 .text._ZN7arduino12ZephyrSerial5beginEm
                0x000000000000413e        0xa /home/arduino/ArduinoApps/EsparregsBCN/.cache/sketch/core/core.a(zephyrSerial.cpp.o)
                0x000000000000413e                arduino::ZephyrSerial::begin(unsigned long)
 .text._ZN7arduino12ZephyrSerial3endEv
                0x0000000000004148        0xa /home/arduino/ArduinoApps/EsparregsBCN/.cache/sketch/core/core.a(zephyrSerial.cpp.o)
                0x0000000000004148                arduino::ZephyrSerial::end()
 .text._ZN7arduino12ZephyrSerial5writeEh
                0x0000000000004152       0x18 /home/arduino/ArduinoApps/EsparregsBCN/.cache/sketch/core/core.a(zephyrSerial.cpp.o)
                0x0000000000004152                arduino::ZephyrSerial::write(unsigned char)
 .text._ZN7arduino12ZephyrSerialcvbEv
                0x000000000000416a        0x4 /home/arduino/ArduinoApps/EsparregsBCN/.cache/sketch/core/core.a(zephyrSerial.cpp.o)
                0x000000000000416a                arduino::ZephyrSerial::operator bool()
 .text._ZN7arduino12ZephyrSerial17_reinit_if_neededEv
                0x000000000000416e        0x6 /home/arduino/ArduinoApps/EsparregsBCN/.cache/sketch/core/core.a(zephyrSerial.cpp.o)
                0x000000000000416e                arduino::ZephyrSerial::_reinit_if_needed()
 .text.k_sem_give
                0x0000000000004174        0x8 /home/arduino/ArduinoApps/EsparregsBCN/.cache/sketch/core/core.a(zephyrSerial.cpp.o)
 .text.k_sem_take.isra.0
                0x000000000000417c        0x8 /home/arduino/ArduinoApps/EsparregsBCN/.cache/sketch/core/core.a(zephyrSerial.cpp.o)
 .text._ZN7arduino12ZephyrSerial4readEv
                0x0000000000004184       0x48 /home/arduino/ArduinoApps/EsparregsBCN/.cache/sketch/core/core.a(zephyrSerial.cpp.o)
                0x0000000000004184                arduino::ZephyrSerial::read()
 .text._ZN7arduino12ZephyrSerial4peekEv
                0x00000000000041cc       0x48 /home/arduino/ArduinoApps/EsparregsBCN/.cache/sketch/core/core.a(zephyrSerial.cpp.o)
                0x00000000000041cc                arduino::ZephyrSerial::peek()
 .text._ZN7arduino12ZephyrSerial17availableForWriteEv
                0x0000000000004214       0x34 /home/arduino/ArduinoApps/EsparregsBCN/.cache/sketch/core/core.a(zephyrSerial.cpp.o)
                0x0000000000004214                arduino::ZephyrSerial::availableForWrite()
 .text._ZN7arduino12ZephyrSerial9availableEv
                0x0000000000004248       0x34 /home/arduino/ArduinoApps/EsparregsBCN/.cache/sketch/core/core.a(zephyrSerial.cpp.o)
                0x0000000000004248                arduino::ZephyrSerial::available()
 .text._ZN7arduino12ZephyrSerial5beginEmt
                0x000000000000427c       0xc0 /home/arduino/ArduinoApps/EsparregsBCN/.cache/sketch/core/core.a(zephyrSerial.cpp.o)
                0x000000000000427c                arduino::ZephyrSerial::begin(unsigned long, unsigned short)
 .text._ZN7arduino12ZephyrSerial5flushEv
                0x000000000000433c       0x2c /home/arduino/ArduinoApps/EsparregsBCN/.cache/sketch/core/core.a(zephyrSerial.cpp.o)
                0x000000000000433c                arduino::ZephyrSerial::flush()
 .text._ZN7arduino12ZephyrSerial5writeEPKhj
                0x0000000000004368       0x70 /home/arduino/ArduinoApps/EsparregsBCN/.cache/sketch/core/core.a(zephyrSerial.cpp.o)
                0x0000000000004368                arduino::ZephyrSerial::write(unsigned char const*, unsigned int)
 .text._ZN7arduino12ZephyrSerial10IrqHandlerEv
                0x00000000000043d8       0xec /home/arduino/ArduinoApps/EsparregsBCN/.cache/sketch/core/core.a(zephyrSerial.cpp.o)
                0x00000000000043d8                arduino::ZephyrSerial::IrqHandler()
 .text._ZN7arduino12ZephyrSerial11IrqDispatchEPK6devicePv
                0x00000000000044c4        0xc /home/arduino/ArduinoApps/EsparregsBCN/.cache/sketch/core/core.a(zephyrSerial.cpp.o)
                0x00000000000044c4                arduino::ZephyrSerial::IrqDispatch(device const*, void*)
 .text._ZN7arduino12ZephyrSerial18ZephyrSerialBufferILi64EEC2Ev
                0x00000000000044d0       0x28 /home/arduino/ArduinoApps/EsparregsBCN/.cache/sketch/core/core.a(zephyrSerial.cpp.o)
                0x00000000000044d0                arduino::ZephyrSerial::ZephyrSerialBuffer<64>::ZephyrSerialBuffer()
                0x00000000000044d0                arduino::ZephyrSerial::ZephyrSerialBuffer<64>::ZephyrSerialBuffer()
 .text._GLOBAL__sub_I__ZN7arduino12ZephyrSerial5beginEmt
                0x00000000000044f8       0x5c /home/arduino/ArduinoApps/EsparregsBCN/.cache/sketch/core/core.a(zephyrSerial.cpp.o)
 .text.yield    0x0000000000004554        0x8 /home/arduino/ArduinoApps/EsparregsBCN/.cache/sketch/core/core.a(zephyrCommon.cpp.o)
                0x0000000000004554                yield
 .text._GLOBAL__sub_I__reinit_peripheral_if_needed
                0x000000000000455c       0x28 /home/arduino/ArduinoApps/EsparregsBCN/.cache/sketch/core/core.a(zephyrCommon.cpp.o)
 .text.unlikely._ZSt17__throw_bad_allocv
                0x0000000000004584        0x6 /home/arduino/.arduino15/packages/zephyr/tools/arm-zephyr-eabi/0.16.8/bin/../lib/gcc/arm-zephyr-eabi/12.2.0/../../../../arm-zephyr-eabi/lib/thumb/v8-m.main+fp/hard/libstdc++_nano.a(functexcept.o)
                0x0000000000004584                std::__throw_bad_alloc()
 .text.unlikely._ZSt20__throw_length_errorPKc
                0x000000000000458a        0x6 /home/arduino/.arduino15/packages/zephyr/tools/arm-zephyr-eabi/0.16.8/bin/../lib/gcc/arm-zephyr-eabi/12.2.0/../../../../arm-zephyr-eabi/lib/thumb/v8-m.main+fp/hard/libstdc++_nano.a(functexcept.o)
                0x000000000000458a                std::__throw_length_error(char const*)
 *(.text.*)
 *(.text._*)
 *(.init)
 *(.ctors)
 *(.dtors)
 *(.fini)

.static_thread_data_area
                0x0000000000004590        0x0
                0x0000000000004590                __static_thread_data_list_start = .
 *(.static_thread_data_area SORT_BY_NAME(.__static_thread_data.*))
                0x0000000000004590                __static_thread_data_list_end = .

.data           0x0000000000004590       0x28
 *(.data .data.*)
 .data.frame2   0x0000000000004590       0x14 /home/arduino/ArduinoApps/EsparregsBCN/.cache/sketch/sketch/sketch.ino.cpp.o
                0x0000000000004590                frame2
 .data.frame1   0x00000000000045a4       0x14 /home/arduino/ArduinoApps/EsparregsBCN/.cache/sketch/sketch/sketch.ino.cpp.o
                0x00000000000045a4                frame1

.bss            0x00000000000045b8     0x2430
 *(.bss .bss.* COMMON)
 .bss._ZGVN17RpcDecoderManagerILj3EE9decoders_E
                0x00000000000045b8        0x4 /home/arduino/ArduinoApps/EsparregsBCN/.cache/sketch/sketch/sketch.ino.cpp.o
                0x00000000000045b8                guard variable for RpcDecoderManager<3u>::decoders_
 .bss._ZGVN12RouterBridge3HCIE
                0x00000000000045bc        0x4 /home/arduino/ArduinoApps/EsparregsBCN/.cache/sketch/sketch/sketch.ino.cpp.o
                0x00000000000045bc                guard variable for RouterBridge::HCI
 .bss._ZN17RpcDecoderManagerILj3EE9decoders_E
                0x00000000000045c0      0xc78 /home/arduino/ArduinoApps/EsparregsBCN/.cache/sketch/sketch/sketch.ino.cpp.o
                0x00000000000045c0                RpcDecoderManager<3u>::decoders_
 .bss.matrix    0x0000000000005238       0x28 /home/arduino/ArduinoApps/EsparregsBCN/.cache/sketch/sketch/sketch.ino.cpp.o
                0x0000000000005238                matrix
 .bss._ZN12RouterBridge3HCIE
                0x0000000000005260       0x28 /home/arduino/ArduinoApps/EsparregsBCN/.cache/sketch/sketch/sketch.ino.cpp.o
                0x0000000000005260                RouterBridge::HCI
 .bss._ZZN8RpcUtils6detail12unpackObjectERN7arduino7msgpack8UnpackerEE1t
                0x0000000000005288       0x10 /home/arduino/ArduinoApps/EsparregsBCN/.cache/sketch/sketch/sketch.ino.cpp.o
                0x0000000000005288                RpcUtils::detail::unpackObject(arduino::msgpack::Unpacker&)::t
 .bss._ZGVZN8RpcUtils6detail12unpackObjectERN7arduino7msgpack8UnpackerEE1e
                0x0000000000005298        0x4 /home/arduino/ArduinoApps/EsparregsBCN/.cache/sketch/sketch/sketch.ino.cpp.o
                0x0000000000005298                guard variable for RpcUtils::detail::unpackObject(arduino::msgpack::Unpacker&)::e
 .bss._ZZN8RpcUtils6detail12unpackObjectERN7arduino7msgpack8UnpackerEE1e
                0x000000000000529c        0xc /home/arduino/ArduinoApps/EsparregsBCN/.cache/sketch/sketch/sketch.ino.cpp.o
                0x000000000000529c                RpcUtils::detail::unpackObject(arduino::msgpack::Unpacker&)::e
 .bss._ZZN8RpcUtils6detail12unpackObjectERN7arduino7msgpack8UnpackerEE6map_sz
                0x00000000000052a8        0x4 /home/arduino/ArduinoApps/EsparregsBCN/.cache/sketch/sketch/sketch.ino.cpp.o
                0x00000000000052a8                RpcUtils::detail::unpackObject(arduino::msgpack::Unpacker&)::map_sz
 .bss._ZZN8RpcUtils6detail12unpackObjectERN7arduino7msgpack8UnpackerEE6arr_sz
                0x00000000000052ac        0x4 /home/arduino/ArduinoApps/EsparregsBCN/.cache/sketch/sketch/sketch.ino.cpp.o
                0x00000000000052ac                RpcUtils::detail::unpackObject(arduino::msgpack::Unpacker&)::arr_sz
 .bss._ZGVZN8RpcUtils6detail12unpackObjectERN7arduino7msgpack8UnpackerEE5bytes
                0x00000000000052b0        0x4 /home/arduino/ArduinoApps/EsparregsBCN/.cache/sketch/sketch/sketch.ino.cpp.o
                0x00000000000052b0                guard variable for RpcUtils::detail::unpackObject(arduino::msgpack::Unpacker&)::bytes
 .bss._ZZN8RpcUtils6detail12unpackObjectERN7arduino7msgpack8UnpackerEE5bytes
                0x00000000000052b4        0xc /home/arduino/ArduinoApps/EsparregsBCN/.cache/sketch/sketch/sketch.ino.cpp.o
                0x00000000000052b4                RpcUtils::detail::unpackObject(arduino::msgpack::Unpacker&)::bytes
 .bss._ZGVZN8RpcUtils6detail12unpackObjectERN7arduino7msgpack8UnpackerEE6string
                0x00000000000052c0        0x4 /home/arduino/ArduinoApps/EsparregsBCN/.cache/sketch/sketch/sketch.ino.cpp.o
                0x00000000000052c0                guard variable for RpcUtils::detail::unpackObject(arduino::msgpack::Unpacker&)::string
 .bss._ZZN8RpcUtils6detail12unpackObjectERN7arduino7msgpack8UnpackerEE6string
                0x00000000000052c4        0xc /home/arduino/ArduinoApps/EsparregsBCN/.cache/sketch/sketch/sketch.ino.cpp.o
                0x00000000000052c4                RpcUtils::detail::unpackObject(arduino::msgpack::Unpacker&)::string
 .bss._ZZN8RpcUtils6detail12unpackObjectERN7arduino7msgpack8UnpackerEE5num64
                0x00000000000052d0        0x8 /home/arduino/ArduinoApps/EsparregsBCN/.cache/sketch/sketch/sketch.ino.cpp.o
                0x00000000000052d0                RpcUtils::detail::unpackObject(arduino::msgpack::Unpacker&)::num64
 .bss._ZZN8RpcUtils6detail12unpackObjectERN7arduino7msgpack8UnpackerEE5num32
                0x00000000000052d8        0x4 /home/arduino/ArduinoApps/EsparregsBCN/.cache/sketch/sketch/sketch.ino.cpp.o
                0x00000000000052d8                RpcUtils::detail::unpackObject(arduino::msgpack::Unpacker&)::num32
 .bss._ZZN8RpcUtils6detail12unpackObjectERN7arduino7msgpack8UnpackerEE7integer
                0x00000000000052dc        0x4 /home/arduino/ArduinoApps/EsparregsBCN/.cache/sketch/sketch/sketch.ino.cpp.o
                0x00000000000052dc                RpcUtils::detail::unpackObject(arduino::msgpack::Unpacker&)::integer
 .bss._ZZN8RpcUtils6detail12unpackObjectERN7arduino7msgpack8UnpackerEE1b
                0x00000000000052e0        0x1 /home/arduino/ArduinoApps/EsparregsBCN/.cache/sketch/sketch/sketch.ino.cpp.o
                0x00000000000052e0                RpcUtils::detail::unpackObject(arduino::msgpack::Unpacker&)::b
 .bss._ZZN8RpcUtils6detail12unpackObjectERN7arduino7msgpack8UnpackerEE3nil
                0x00000000000052e1        0x1 /home/arduino/ArduinoApps/EsparregsBCN/.cache/sketch/sketch/sketch.ino.cpp.o
                0x00000000000052e1                RpcUtils::detail::unpackObject(arduino::msgpack::Unpacker&)::nil
 *fill*         0x00000000000052e2        0x2 
 .bss._ZGVZN7arduino7msgpack8Unpacker10from_arrayIJRiRNS_6StringEEEEbDpOT_E2sz
                0x00000000000052e4        0x4 /home/arduino/ArduinoApps/EsparregsBCN/.cache/sketch/libraries/Arduino_RouterBridge/singletons.cpp.o
                0x00000000000052e4                guard variable for arduino::msgpack::Unpacker::from_array<int&, arduino::String&>(int&, arduino::String&)::sz
 .bss._ZZN7arduino7msgpack8Unpacker10from_arrayIJRiRNS_6StringEEEEbDpOT_E2sz
                0x00000000000052e8        0x4 /home/arduino/ArduinoApps/EsparregsBCN/.cache/sketch/libraries/Arduino_RouterBridge/singletons.cpp.o
                0x00000000000052e8                arduino::msgpack::Unpacker::from_array<int&, arduino::String&>(int&, arduino::String&)::sz
 .bss.Monitor   0x00000000000052ec      0x238 /home/arduino/ArduinoApps/EsparregsBCN/.cache/sketch/libraries/Arduino_RouterBridge/singletons.cpp.o
                0x00000000000052ec                Serial
                0x00000000000052ec                Monitor
 *fill*         0x0000000000005524        0x4 
 .bss.Bridge    0x0000000000005528      0x168 /home/arduino/ArduinoApps/EsparregsBCN/.cache/sketch/libraries/Arduino_RouterBridge/singletons.cpp.o
                0x0000000000005528                Bridge
 .bss.Serial2   0x0000000000005690       0xec /home/arduino/ArduinoApps/EsparregsBCN/.cache/sketch/core/core.a(zephyrSerial.cpp.o)
                0x0000000000005690                Serial2
 .bss.Serial1   0x000000000000577c       0xec /home/arduino/ArduinoApps/EsparregsBCN/.cache/sketch/core/core.a(zephyrSerial.cpp.o)
                0x000000000000577c                Serial1
 .bss._ZL18arduino_pin_timers
                0x0000000000005868     0x1180 /home/arduino/ArduinoApps/EsparregsBCN/.cache/sketch/core/core.a(zephyrCommon.cpp.o)
 *(.noinit .noinit.*)

.exported_sym   0x00000000000069e8        0x8
 *(.exported_sym)
 .exported_sym  0x00000000000069e8        0x8 /home/arduino/ArduinoApps/EsparregsBCN/.cache/sketch/core/core.a(main.cpp.o)
 *(.exported_sym.*)

.rodata._ZN7arduino7msgpack8Unpacker11deserializeINS_6StringEJEEEbRT_DpOT0_.str1.1
                0x0000000000000000        0x1
 .rodata._ZN7arduino7msgpack8Unpacker11deserializeINS_6StringEJEEEbRT_DpOT0_.str1.1
                0x0000000000000000        0x1 /home/arduino/ArduinoApps/EsparregsBCN/.cache/sketch/sketch/sketch.ino.cpp.o

.rodata._ZNSt6vectorIjSaIjEE17_M_realloc_insertIJRjEEEvN9__gnu_cxx17__normal_iteratorIPjS1_EEDpOT_.str1.1
                0x0000000000000000       0x34
 .rodata._ZNSt6vectorIjSaIjEE17_M_realloc_insertIJRjEEEvN9__gnu_cxx17__normal_iteratorIPjS1_EEDpOT_.str1.1
                0x0000000000000000       0x1a /home/arduino/ArduinoApps/EsparregsBCN/.cache/sketch/sketch/sketch.ino.cpp.o
 .rodata._ZNSt6vectorIjSaIjEE17_M_realloc_insertIJRjEEEvN9__gnu_cxx17__normal_iteratorIPjS1_EEDpOT_.str1.1
                0x000000000000001a       0x1a /home/arduino/ArduinoApps/EsparregsBCN/.cache/sketch/libraries/Arduino_RouterBridge/singletons.cpp.o

.rodata._ZN7arduino7msgpack6object3extC2EaPKhj.str1.1
                0x0000000000000000       0x28
 .rodata._ZN7arduino7msgpack6object3extC2EaPKhj.str1.1
                0x0000000000000000       0x28 /home/arduino/ArduinoApps/EsparregsBCN/.cache/sketch/sketch/sketch.ino.cpp.o

.rodata._ZN11BridgeClass11update_safeEv.str1.1
                0x0000000000000000        0x9
 .rodata._ZN11BridgeClass11update_safeEv.str1.1
                0x0000000000000000        0x9 /home/arduino/ArduinoApps/EsparregsBCN/.cache/sketch/sketch/sketch.ino.cpp.o

.rodata._ZN8RpcErrorC2Ev.str1.1
                0x0000000000000000        0x1
 .rodata._ZN8RpcErrorC2Ev.str1.1
                0x0000000000000000        0x1 /home/arduino/ArduinoApps/EsparregsBCN/.cache/sketch/libraries/Arduino_RouterBridge/singletons.cpp.o

.rodata._ZN10RpcDecoderILj1024EE12get_responseIN7arduino7msgpack6object5nil_tEEEbjRT_R8RpcError.str1.1
                0x0000000000000000       0x7b
 .rodata._ZN10RpcDecoderILj1024EE12get_responseIN7arduino7msgpack6object5nil_tEEEbjRT_R8RpcError.str1.1
                0x0000000000000000       0x7b /home/arduino/ArduinoApps/EsparregsBCN/.cache/sketch/libraries/Arduino_RouterBridge/singletons.cpp.o

.rodata._ZN13BridgeMonitorILj512EE5writeEPKhj.str1.1
                0x0000000000000000       0x49
 .rodata._ZN13BridgeMonitorILj512EE5writeEPKhj.str1.1
                0x0000000000000000       0x49 /home/arduino/ArduinoApps/EsparregsBCN/.cache/sketch/libraries/Arduino_RouterBridge/singletons.cpp.o

.rodata._ZN13BridgeMonitorILj512EE5_readEj.str1.1
                0x0000000000000000        0x9
 .rodata._ZN13BridgeMonitorILj512EE5_readEj.str1.1
                0x0000000000000000        0x9 /home/arduino/ArduinoApps/EsparregsBCN/.cache/sketch/libraries/Arduino_RouterBridge/singletons.cpp.o

.rodata._ZTV13BridgeMonitorILj512EE
                0x0000000000000000       0x24
 .rodata._ZTV13BridgeMonitorILj512EE
                0x0000000000000000       0x24 /home/arduino/ArduinoApps/EsparregsBCN/.cache/sketch/libraries/Arduino_RouterBridge/singletons.cpp.o
                0x0000000000000000                vtable for BridgeMonitor<512u>

.rodata.str1.1  0x0000000000000000       0x51
 .rodata.str1.1
                0x0000000000000000       0x51 /home/arduino/ArduinoApps/EsparregsBCN/.cache/sketch/core/core.a(main.cpp.o)

.rodata._ZTVN7arduino12ZephyrSerialE
                0x0000000000000000       0x38
 .rodata._ZTVN7arduino12ZephyrSerialE
                0x0000000000000000       0x38 /home/arduino/ArduinoApps/EsparregsBCN/.cache/sketch/core/core.a(zephyrSerial.cpp.o)
                0x0000000000000000                vtable for arduino::ZephyrSerial

.init_array     0x0000000000000038       0x10
 *(.init_array)
 .init_array    0x0000000000000038        0x4 /home/arduino/ArduinoApps/EsparregsBCN/.cache/sketch/sketch/sketch.ino.cpp.o
 .init_array    0x000000000000003c        0x4 /home/arduino/ArduinoApps/EsparregsBCN/.cache/sketch/libraries/Arduino_RouterBridge/singletons.cpp.o
 .init_array    0x0000000000000040        0x4 /home/arduino/ArduinoApps/EsparregsBCN/.cache/sketch/core/core.a(zephyrSerial.cpp.o)
 .init_array    0x0000000000000044        0x4 /home/arduino/ArduinoApps/EsparregsBCN/.cache/sketch/core/core.a(zephyrCommon.cpp.o)

.fini_array     0x0000000000000048        0x8
 *(.fini_array)
 .fini_array    0x0000000000000048        0x4 /home/arduino/ArduinoApps/EsparregsBCN/.cache/sketch/sketch/sketch.ino.cpp.o
 .fini_array    0x000000000000004c        0x4 /home/arduino/ArduinoApps/EsparregsBCN/.cache/sketch/libraries/Arduino_RouterBridge/singletons.cpp.o

.symtab
 *(.symtab)

.strtab
 *(.strtab)

.shstrtab
 *(.shstrtab)

.got
 *(.got .got.* .got.plt .got.plt*)
OUTPUT(/home/arduino/ArduinoApps/EsparregsBCN/.cache/sketch/sketch.ino_temp.elf elf32-littlearm)
LOAD linker stubs

.debug_info     0x0000000000000000    0x61f63
 .debug_info    0x0000000000000000    0x23244 /home/arduino/ArduinoApps/EsparregsBCN/.cache/sketch/sketch/sketch.ino.cpp.o
 .debug_info    0x0000000000023244    0x2ad95 /home/arduino/ArduinoApps/EsparregsBCN/.cache/sketch/libraries/Arduino_RouterBridge/singletons.cpp.o
 .debug_info    0x000000000004dfd9     0x3e0c /home/arduino/ArduinoApps/EsparregsBCN/.cache/sketch/core/core.a(String.cpp.o)
 .debug_info    0x0000000000051de5     0x1d6b /home/arduino/ArduinoApps/EsparregsBCN/.cache/sketch/core/core.a(llext_wrappers.c.o)
 .debug_info    0x0000000000053b50     0x1e2b /home/arduino/ArduinoApps/EsparregsBCN/.cache/sketch/core/core.a(main.cpp.o)
 .debug_info    0x000000000005597b      0x7af /home/arduino/ArduinoApps/EsparregsBCN/.cache/sketch/core/core.a(new.cpp.o)
 .debug_info    0x000000000005612a     0x1f7a /home/arduino/ArduinoApps/EsparregsBCN/.cache/sketch/core/core.a(threads.cpp.o)
 .debug_info    0x00000000000580a4     0x39a3 /home/arduino/ArduinoApps/EsparregsBCN/.cache/sketch/core/core.a(zephyrSerial.cpp.o)
 .debug_info    0x000000000005ba47     0x651c /home/arduino/ArduinoApps/EsparregsBCN/.cache/sketch/core/core.a(zephyrCommon.cpp.o)

.debug_abbrev   0x0000000000000000     0x4ef5
 .debug_abbrev  0x0000000000000000     0x1264 /home/arduino/ArduinoApps/EsparregsBCN/.cache/sketch/sketch/sketch.ino.cpp.o
 .debug_abbrev  0x0000000000001264     0x13a5 /home/arduino/ArduinoApps/EsparregsBCN/.cache/sketch/libraries/Arduino_RouterBridge/singletons.cpp.o
 .debug_abbrev  0x0000000000002609      0x5d4 /home/arduino/ArduinoApps/EsparregsBCN/.cache/sketch/core/core.a(String.cpp.o)
 .debug_abbrev  0x0000000000002bdd      0x1e9 /home/arduino/ArduinoApps/EsparregsBCN/.cache/sketch/core/core.a(llext_wrappers.c.o)
 .debug_abbrev  0x0000000000002dc6      0x538 /home/arduino/ArduinoApps/EsparregsBCN/.cache/sketch/core/core.a(main.cpp.o)
 .debug_abbrev  0x00000000000032fe      0x234 /home/arduino/ArduinoApps/EsparregsBCN/.cache/sketch/core/core.a(new.cpp.o)
 .debug_abbrev  0x0000000000003532      0x4d6 /home/arduino/ArduinoApps/EsparregsBCN/.cache/sketch/core/core.a(threads.cpp.o)
 .debug_abbrev  0x0000000000003a08      0x947 /home/arduino/ArduinoApps/EsparregsBCN/.cache/sketch/core/core.a(zephyrSerial.cpp.o)
 .debug_abbrev  0x000000000000434f      0xba6 /home/arduino/ArduinoApps/EsparregsBCN/.cache/sketch/core/core.a(zephyrCommon.cpp.o)

.debug_loclists
                0x0000000000000000    0x139c3
 .debug_loclists
                0x0000000000000000     0x65f8 /home/arduino/ArduinoApps/EsparregsBCN/.cache/sketch/sketch/sketch.ino.cpp.o
 .debug_loclists
                0x00000000000065f8     0x8e10 /home/arduino/ArduinoApps/EsparregsBCN/.cache/sketch/libraries/Arduino_RouterBridge/singletons.cpp.o
 .debug_loclists
                0x000000000000f408     0x1943 /home/arduino/ArduinoApps/EsparregsBCN/.cache/sketch/core/core.a(String.cpp.o)
 .debug_loclists
                0x0000000000010d4b      0xb87 /home/arduino/ArduinoApps/EsparregsBCN/.cache/sketch/core/core.a(llext_wrappers.c.o)
 .debug_loclists
                0x00000000000118d2       0x72 /home/arduino/ArduinoApps/EsparregsBCN/.cache/sketch/core/core.a(main.cpp.o)
 .debug_loclists
                0x0000000000011944      0x2bc /home/arduino/ArduinoApps/EsparregsBCN/.cache/sketch/core/core.a(new.cpp.o)
 .debug_loclists
                0x0000000000011c00       0xd1 /home/arduino/ArduinoApps/EsparregsBCN/.cache/sketch/core/core.a(threads.cpp.o)
 .debug_loclists
                0x0000000000011cd1      0x7b7 /home/arduino/ArduinoApps/EsparregsBCN/.cache/sketch/core/core.a(zephyrSerial.cpp.o)
 .debug_loclists
                0x0000000000012488     0x153b /home/arduino/ArduinoApps/EsparregsBCN/.cache/sketch/core/core.a(zephyrCommon.cpp.o)

.debug_aranges  0x0000000000000000      0xef0
 .debug_aranges
                0x0000000000000000      0x2d8 /home/arduino/ArduinoApps/EsparregsBCN/.cache/sketch/sketch/sketch.ino.cpp.o
 .debug_aranges
                0x00000000000002d8      0x3d8 /home/arduino/ArduinoApps/EsparregsBCN/.cache/sketch/libraries/Arduino_RouterBridge/singletons.cpp.o
 .debug_aranges
                0x00000000000006b0      0x298 /home/arduino/ArduinoApps/EsparregsBCN/.cache/sketch/core/core.a(String.cpp.o)
 .debug_aranges
                0x0000000000000948      0x280 /home/arduino/ArduinoApps/EsparregsBCN/.cache/sketch/core/core.a(llext_wrappers.c.o)
 .debug_aranges
                0x0000000000000bc8       0x38 /home/arduino/ArduinoApps/EsparregsBCN/.cache/sketch/core/core.a(main.cpp.o)
 .debug_aranges
                0x0000000000000c00       0xb0 /home/arduino/ArduinoApps/EsparregsBCN/.cache/sketch/core/core.a(new.cpp.o)
 .debug_aranges
                0x0000000000000cb0       0x20 /home/arduino/ArduinoApps/EsparregsBCN/.cache/sketch/core/core.a(threads.cpp.o)
 .debug_aranges
                0x0000000000000cd0       0xc8 /home/arduino/ArduinoApps/EsparregsBCN/.cache/sketch/core/core.a(zephyrSerial.cpp.o)
 .debug_aranges
                0x0000000000000d98      0x158 /home/arduino/ArduinoApps/EsparregsBCN/.cache/sketch/core/core.a(zephyrCommon.cpp.o)

.debug_rnglists
                0x0000000000000000     0x2e6b
 .debug_rnglists
                0x0000000000000000      0xfc5 /home/arduino/ArduinoApps/EsparregsBCN/.cache/sketch/sketch/sketch.ino.cpp.o
 .debug_rnglists
                0x0000000000000fc5     0x1398 /home/arduino/ArduinoApps/EsparregsBCN/.cache/sketch/libraries/Arduino_RouterBridge/singletons.cpp.o
 .debug_rnglists
                0x000000000000235d      0x375 /home/arduino/ArduinoApps/EsparregsBCN/.cache/sketch/core/core.a(String.cpp.o)
 .debug_rnglists
                0x00000000000026d2      0x1db /home/arduino/ArduinoApps/EsparregsBCN/.cache/sketch/core/core.a(llext_wrappers.c.o)
 .debug_rnglists
                0x00000000000028ad       0x33 /home/arduino/ArduinoApps/EsparregsBCN/.cache/sketch/core/core.a(main.cpp.o)
 .debug_rnglists
                0x00000000000028e0       0x7f /home/arduino/ArduinoApps/EsparregsBCN/.cache/sketch/core/core.a(new.cpp.o)
 .debug_rnglists
                0x000000000000295f       0x46 /home/arduino/ArduinoApps/EsparregsBCN/.cache/sketch/core/core.a(threads.cpp.o)
 .debug_rnglists
                0x00000000000029a5      0x1c8 /home/arduino/ArduinoApps/EsparregsBCN/.cache/sketch/core/core.a(zephyrSerial.cpp.o)
 .debug_rnglists
                0x0000000000002b6d      0x2fe /home/arduino/ArduinoApps/EsparregsBCN/.cache/sketch/core/core.a(zephyrCommon.cpp.o)

.debug_line     0x0000000000000000    0x13917
 .debug_line    0x0000000000000000     0x5da3 /home/arduino/ArduinoApps/EsparregsBCN/.cache/sketch/sketch/sketch.ino.cpp.o
 .debug_line    0x0000000000005da3     0x729e /home/arduino/ArduinoApps/EsparregsBCN/.cache/sketch/libraries/Arduino_RouterBridge/singletons.cpp.o
 .debug_line    0x000000000000d041     0x1a12 /home/arduino/ArduinoApps/EsparregsBCN/.cache/sketch/core/core.a(String.cpp.o)
 .debug_line    0x000000000000ea53      0x77b /home/arduino/ArduinoApps/EsparregsBCN/.cache/sketch/core/core.a(llext_wrappers.c.o)
 .debug_line    0x000000000000f1ce      0x839 /home/arduino/ArduinoApps/EsparregsBCN/.cache/sketch/core/core.a(main.cpp.o)
 .debug_line    0x000000000000fa07      0x36b /home/arduino/ArduinoApps/EsparregsBCN/.cache/sketch/core/core.a(new.cpp.o)
 .debug_line    0x000000000000fd72      0x870 /home/arduino/ArduinoApps/EsparregsBCN/.cache/sketch/core/core.a(threads.cpp.o)
 .debug_line    0x00000000000105e2      0xfb8 /home/arduino/ArduinoApps/EsparregsBCN/.cache/sketch/core/core.a(zephyrSerial.cpp.o)
 .debug_line    0x000000000001159a     0x237d /home/arduino/ArduinoApps/EsparregsBCN/.cache/sketch/core/core.a(zephyrCommon.cpp.o)

.debug_str      0x0000000000000000    0x43cd0
 .debug_str     0x0000000000000000    0x1a09e /home/arduino/ArduinoApps/EsparregsBCN/.cache/sketch/sketch/sketch.ino.cpp.o
 .debug_str     0x000000000001a09e    0x1db67 /home/arduino/ArduinoApps/EsparregsBCN/.cache/sketch/libraries/Arduino_RouterBridge/singletons.cpp.o
 .debug_str     0x0000000000037c05     0x1828 /home/arduino/ArduinoApps/EsparregsBCN/.cache/sketch/core/core.a(String.cpp.o)
 .debug_str     0x000000000003942d      0x886 /home/arduino/ArduinoApps/EsparregsBCN/.cache/sketch/core/core.a(llext_wrappers.c.o)
 .debug_str     0x0000000000039cb3     0x1fdf /home/arduino/ArduinoApps/EsparregsBCN/.cache/sketch/core/core.a(main.cpp.o)
 .debug_str     0x000000000003bc92      0x4d7 /home/arduino/ArduinoApps/EsparregsBCN/.cache/sketch/core/core.a(new.cpp.o)
 .debug_str     0x000000000003c169     0x1c17 /home/arduino/ArduinoApps/EsparregsBCN/.cache/sketch/core/core.a(threads.cpp.o)
 .debug_str     0x000000000003dd80     0x2acc /home/arduino/ArduinoApps/EsparregsBCN/.cache/sketch/core/core.a(zephyrSerial.cpp.o)
 .debug_str     0x000000000004084c     0x3484 /home/arduino/ArduinoApps/EsparregsBCN/.cache/sketch/core/core.a(zephyrCommon.cpp.o)

.debug_frame    0x0000000000000000     0x2fe0
 .debug_frame   0x0000000000000000      0xa7c /home/arduino/ArduinoApps/EsparregsBCN/.cache/sketch/sketch/sketch.ino.cpp.o
 .debug_frame   0x0000000000000a7c      0xe84 /home/arduino/ArduinoApps/EsparregsBCN/.cache/sketch/libraries/Arduino_RouterBridge/singletons.cpp.o
 .debug_frame   0x0000000000001900      0x7e8 /home/arduino/ArduinoApps/EsparregsBCN/.cache/sketch/core/core.a(String.cpp.o)
 .debug_frame   0x00000000000020e8      0x510 /home/arduino/ArduinoApps/EsparregsBCN/.cache/sketch/core/core.a(llext_wrappers.c.o)
 .debug_frame   0x00000000000025f8       0x68 /home/arduino/ArduinoApps/EsparregsBCN/.cache/sketch/core/core.a(main.cpp.o)
 .debug_frame   0x0000000000002660      0x140 /home/arduino/ArduinoApps/EsparregsBCN/.cache/sketch/core/core.a(new.cpp.o)
 .debug_frame   0x00000000000027a0       0x40 /home/arduino/ArduinoApps/EsparregsBCN/.cache/sketch/core/core.a(threads.cpp.o)
 .debug_frame   0x00000000000027e0      0x220 /home/arduino/ArduinoApps/EsparregsBCN/.cache/sketch/core/core.a(zephyrSerial.cpp.o)
 .debug_frame   0x0000000000002a00      0x45c /home/arduino/ArduinoApps/EsparregsBCN/.cache/sketch/core/core.a(zephyrCommon.cpp.o)
 .debug_frame   0x0000000000002e5c      0x184 /home/arduino/.arduino15/packages/zephyr/tools/arm-zephyr-eabi/0.16.8/bin/../lib/gcc/arm-zephyr-eabi/12.2.0/../../../../arm-zephyr-eabi/lib/thumb/v8-m.main+fp/hard/libstdc++_nano.a(functexcept.o)
